Component: ARM Compiler 5.06 update 5 (build 528) Tool: armlink [4d35e2]

==============================================================================

Section Cross References

    startup_stm32f103xb.o(STACK) refers (Special) to heapauxi.o(.text) for __use_two_region_memory
    startup_stm32f103xb.o(HEAP) refers (Special) to heapauxi.o(.text) for __use_two_region_memory
    startup_stm32f103xb.o(RESET) refers (Special) to heapauxi.o(.text) for __use_two_region_memory
    startup_stm32f103xb.o(RESET) refers to startup_stm32f103xb.o(STACK) for __initial_sp
    startup_stm32f103xb.o(RESET) refers to startup_stm32f103xb.o(.text) for Reset_Handler
    startup_stm32f103xb.o(RESET) refers to stm32f1xx_it.o(i.NMI_Handler) for NMI_Handler
    startup_stm32f103xb.o(RESET) refers to stm32f1xx_it.o(i.HardFault_Handler) for HardFault_Handler
    startup_stm32f103xb.o(RESET) refers to stm32f1xx_it.o(i.MemManage_Handler) for MemManage_Handler
    startup_stm32f103xb.o(RESET) refers to stm32f1xx_it.o(i.BusFault_Handler) for BusFault_Handler
    startup_stm32f103xb.o(RESET) refers to stm32f1xx_it.o(i.UsageFault_Handler) for UsageFault_Handler
    startup_stm32f103xb.o(RESET) refers to stm32f1xx_it.o(i.SVC_Handler) for SVC_Handler
    startup_stm32f103xb.o(RESET) refers to stm32f1xx_it.o(i.DebugMon_Handler) for DebugMon_Handler
    startup_stm32f103xb.o(RESET) refers to stm32f1xx_it.o(i.PendSV_Handler) for PendSV_Handler
    startup_stm32f103xb.o(RESET) refers to stm32f1xx_it.o(i.SysTick_Handler) for SysTick_Handler
    startup_stm32f103xb.o(RESET) refers to stm32f1xx_it.o(i.TIM1_UP_IRQHandler) for TIM1_UP_IRQHandler
    startup_stm32f103xb.o(RESET) refers to stm32f1xx_it.o(i.USART1_IRQHandler) for USART1_IRQHandler
    startup_stm32f103xb.o(RESET) refers to stm32f1xx_it.o(i.USART2_IRQHandler) for USART2_IRQHandler
    startup_stm32f103xb.o(.text) refers (Special) to heapauxi.o(.text) for __use_two_region_memory
    startup_stm32f103xb.o(.text) refers to system_stm32f1xx.o(i.SystemInit) for SystemInit
    startup_stm32f103xb.o(.text) refers to __main.o(!!!main) for __main
    startup_stm32f103xb.o(.text) refers to startup_stm32f103xb.o(HEAP) for Heap_Mem
    startup_stm32f103xb.o(.text) refers to startup_stm32f103xb.o(STACK) for Stack_Mem
    main.o(i.Ctrl) refers to main.o(i.Power_Set) for Power_Set
    main.o(i.Ctrl) refers to stm32f1xx_hal_gpio.o(i.HAL_GPIO_ReadPin) for HAL_GPIO_ReadPin
    main.o(i.Ctrl) refers to strcpy.o(.text) for strcpy
    main.o(i.Ctrl) refers to jq8900.o(i.JQ8900_Play_Recording) for JQ8900_Play_Recording
    main.o(i.Ctrl) refers to main.o(.data) for .data
    main.o(i.Ctrl) refers to key.o(.data) for key_flag
    main.o(i.Ctrl) refers to jq8900.o(.bss) for rec
    main.o(i.Data_Send) refers to _printf_percent.o(.ARM.Collect$$_printf_percent$$00000000) for _printf_percent
    main.o(i.Data_Send) refers to _printf_d.o(.ARM.Collect$$_printf_percent$$00000009) for _printf_d
    main.o(i.Data_Send) refers to _printf_f.o(.ARM.Collect$$_printf_percent$$00000003) for _printf_f
    main.o(i.Data_Send) refers to _printf_dec.o(.text) for _printf_int_dec
    main.o(i.Data_Send) refers to printf1.o(x$fpl$printf1) for _printf_fp_dec
    main.o(i.Data_Send) refers to f2d.o(x$fpl$f2d) for __aeabi_f2d
    main.o(i.Data_Send) refers to __2sprintf.o(.text) for __2sprintf
    main.o(i.Data_Send) refers to strlen.o(.text) for strlen
    main.o(i.Data_Send) refers to esp8266.o(i.ESP8266_SendData) for ESP8266_SendData
    main.o(i.Data_Send) refers to main.o(.data) for .data
    main.o(i.Data_Send) refers to main.o(.bss) for .bss
    main.o(i.Page) refers to _printf_pad.o(.text) for _printf_pre_padding
    main.o(i.Page) refers to _printf_percent.o(.ARM.Collect$$_printf_percent$$00000000) for _printf_percent
    main.o(i.Page) refers to _printf_d.o(.ARM.Collect$$_printf_percent$$00000009) for _printf_d
    main.o(i.Page) refers to _printf_dec.o(.text) for _printf_int_dec
    main.o(i.Page) refers to _printf_f.o(.ARM.Collect$$_printf_percent$$00000003) for _printf_f
    main.o(i.Page) refers to printf1.o(x$fpl$printf1) for _printf_fp_dec
    main.o(i.Page) refers to oled.o(i.OLED_ShowChinese) for OLED_ShowChinese
    main.o(i.Page) refers to __2sprintf.o(.text) for __2sprintf
    main.o(i.Page) refers to oled.o(i.OLED_ShowString) for OLED_ShowString
    main.o(i.Page) refers to oled.o(i.OLED_ShowNum) for OLED_ShowNum
    main.o(i.Page) refers to f2d.o(x$fpl$f2d) for __aeabi_f2d
    main.o(i.Page) refers to oled.o(i.OLED_ClearArea) for OLED_ClearArea
    main.o(i.Page) refers to main.o(.data) for .data
    main.o(i.Page) refers to main.o(.bss) for .bss
    main.o(i.Page) refers to key.o(.data) for key_flag
    main.o(i.Power_Set) refers to stm32f1xx_hal_gpio.o(i.HAL_GPIO_WritePin) for HAL_GPIO_WritePin
    main.o(i.SystemClock_Config) refers to rt_memclr_w.o(.text) for __aeabi_memclr4
    main.o(i.SystemClock_Config) refers to stm32f1xx_hal_rcc.o(i.HAL_RCC_OscConfig) for HAL_RCC_OscConfig
[...]
    i.Error_Handler                          0x08001c4c   Section        0  main.o(i.Error_Handler)
    i.HAL_DMA_Abort                          0x08001c50   Section        0  stm32f1xx_hal_dma.o(i.HAL_DMA_Abort)
    i.HAL_DMA_Abort_IT                       0x08001c98   Section        0  stm32f1xx_hal_dma.o(i.HAL_DMA_Abort_IT)
    i.HAL_GPIO_Init                          0x08001d30   Section        0  stm32f1xx_hal_gpio.o(i.HAL_GPIO_Init)
    i.HAL_GPIO_ReadPin                       0x08001f10   Section        0  stm32f1xx_hal_gpio.o(i.HAL_GPIO_ReadPin)
    i.HAL_GPIO_WritePin                      0x08001f1a   Section        0  stm32f1xx_hal_gpio.o(i.HAL_GPIO_WritePin)
    i.HAL_GetTick                            0x08001f24   Section        0  stm32f1xx_hal.o(i.HAL_GetTick)
    i.HAL_IncTick                            0x08001f30   Section        0  stm32f1xx_hal.o(i.HAL_IncTick)
    i.HAL_Init                               0x08001f40   Section        0  stm32f1xx_hal.o(i.HAL_Init)
    i.HAL_InitTick                           0x08001f64   Section        0  stm32f1xx_hal.o(i.HAL_InitTick)
    i.HAL_MspInit                            0x08001fa4   Section        0  stm32f1xx_hal_msp.o(i.HAL_MspInit)
    i.HAL_NVIC_EnableIRQ                     0x08001fe0   Section        0  stm32f1xx_hal_cortex.o(i.HAL_NVIC_EnableIRQ)
    i.HAL_NVIC_SetPriority                   0x08001ffc   Section        0  stm32f1xx_hal_cortex.o(i.HAL_NVIC_SetPriority)
    i.HAL_NVIC_SetPriorityGrouping           0x0800203c   Section        0  stm32f1xx_hal_cortex.o(i.HAL_NVIC_SetPriorityGrouping)
    i.HAL_RCC_ClockConfig                    0x08002060   Section        0  stm32f1xx_hal_rcc.o(i.HAL_RCC_ClockConfig)
    i.HAL_RCC_GetPCLK1Freq                   0x0800218c   Section        0  stm32f1xx_hal_rcc.o(i.HAL_RCC_GetPCLK1Freq)
    i.HAL_RCC_GetPCLK2Freq                   0x080021ac   Section        0  stm32f1xx_hal_rcc.o(i.HAL_RCC_GetPCLK2Freq)
    i.HAL_RCC_GetSysClockFreq                0x080021cc   Section        0  stm32f1xx_hal_rcc.o(i.HAL_RCC_GetSysClockFreq)
    i.HAL_RCC_OscConfig                      0x08002218   Section        0  stm32f1xx_hal_rcc.o(i.HAL_RCC_OscConfig)
    i.HAL_SYSTICK_Config                     0x08002538   Section        0  stm32f1xx_hal_cortex.o(i.HAL_SYSTICK_Config)
    i.HAL_TIMEx_BreakCallback                0x08002560   Section        0  stm32f1xx_hal_tim_ex.o(i.HAL_TIMEx_BreakCallback)
    i.HAL_TIMEx_CommutCallback               0x08002562   Section        0  stm32f1xx_hal_tim_ex.o(i.HAL_TIMEx_CommutCallback)
    i.HAL_TIMEx_MasterConfigSynchronization  0x08002564   Section        0  stm32f1xx_hal_tim_ex.o(i.HAL_TIMEx_MasterConfigSynchronization)
    i.HAL_TIM_Base_Init                      0x080025cc   Section        0  stm32f1xx_hal_tim.o(i.HAL_TIM_Base_Init)
    i.HAL_TIM_Base_MspInit                   0x08002628   Section        0  tim.o(i.HAL_TIM_Base_MspInit)
    i.HAL_TIM_Base_Start_IT                  0x08002664   Section        0  stm32f1xx_hal_tim.o(i.HAL_TIM_Base_Start_IT)
    i.HAL_TIM_ConfigClockSource              0x080026bc   Section        0  stm32f1xx_hal_tim.o(i.HAL_TIM_ConfigClockSource)
    i.HAL_TIM_IC_CaptureCallback             0x08002798   Section        0  stm32f1xx_hal_tim.o(i.HAL_TIM_IC_CaptureCallback)
    i.HAL_TIM_IRQHandler                     0x0800279a   Section        0  stm32f1xx_hal_tim.o(i.HAL_TIM_IRQHandler)
    i.HAL_TIM_OC_DelayElapsedCallback        0x080028ca   Section        0  stm32f1xx_hal_tim.o(i.HAL_TIM_OC_DelayElapsedCallback)
    i.HAL_TIM_PWM_PulseFinishedCallback      0x080028cc   Section        0  stm32f1xx_hal_tim.o(i.HAL_TIM_PWM_PulseFinishedCallback)
    i.HAL_TIM_PeriodElapsedCallback          0x080028d0   Section        0  tim.o(i.HAL_TIM_PeriodElapsedCallback)
    i.HAL_TIM_TriggerCallback                0x08002964   Section        0  stm32f1xx_hal_tim.o(i.HAL_TIM_TriggerCallback)
    i.HAL_UARTEx_RxEventCallback             0x08002966   Section        0  stm32f1xx_hal_uart.o(i.HAL_UARTEx_RxEventCallback)
    i.HAL_UART_ErrorCallback                 0x08002968   Section        0  stm32f1xx_hal_uart.o(i.HAL_UART_ErrorCallback)
    i.HAL_UART_IRQHandler                    0x0800296c   Section        0  stm32f1xx_hal_uart.o(i.HAL_UART_IRQHandler)
    i.HAL_UART_Init                          0x08002bd8   Section        0  stm32f1xx_hal_uart.o(i.HAL_UART_Init)
    i.HAL_UART_MspInit                       0x08002c3c   Section        0  usart.o(i.HAL_UART_MspInit)
    i.HAL_UART_Receive_IT                    0x08002d64   Section        0  stm32f1xx_hal_uart.o(i.HAL_UART_Receive_IT)
    i.HAL_UART_RxCpltCallback                0x08002d80   Section        0  uart.o(i.HAL_UART_RxCpltCallback)
    i.HAL_UART_Transmit                      0x08002df0   Section        0  stm32f1xx_hal_uart.o(i.HAL_UART_Transmit)
    i.HAL_UART_TxCpltCallback                0x08002e90   Section        0  stm32f1xx_hal_uart.o(i.HAL_UART_TxCpltCallback)
    i.HardFault_Handler                      0x08002e92   Section        0  stm32f1xx_it.o(i.HardFault_Handler)
    i.JQ8900_Play_Recording                  0x08002e94   Section        0  jq8900.o(i.JQ8900_Play_Recording)
    i.JQ8x00_Command_Data                    0x08002ec4   Section        0  jq8900.o(i.JQ8x00_Command_Data)
    i.JQ8x00_RandomPathPlay                  0x08002f2c   Section        0  jq8900.o(i.JQ8x00_RandomPathPlay)
    i.Key_Init                               0x08002fa8   Section        0  key.o(i.Key_Init)
    i.Key_Scanf                              0x08002fb4   Section        0  key.o(i.Key_Scanf)
    i.MX_GPIO_Init                           0x08003158   Section        0  gpio.o(i.MX_GPIO_Init)
    i.MX_TIM1_Init                           0x08003210   Section        0  tim.o(i.MX_TIM1_Init)
    i.MX_USART1_UART_Init                    0x08003278   Section        0  usart.o(i.MX_USART1_UART_Init)
    i.MX_USART2_UART_Init                    0x080032b0   Section        0  usart.o(i.MX_USART2_UART_Init)
    i.MX_USART3_UART_Init                    0x080032e8   Section        0  usart.o(i.MX_USART3_UART_Init)
    i.MemManage_Handler                      0x08003320   Section        0  stm32f1xx_it.o(i.MemManage_Handler)
    i.NMI_Handler                            0x08003322   Section        0  stm32f1xx_it.o(i.NMI_Handler)
    i.OLED_Clear                             0x08003324   Section        0  oled.o(i.OLED_Clear)
    i.OLED_ClearArea                         0x0800334c   Section        0  oled.o(i.OLED_ClearArea)
    i.OLED_GPIO_Init                         0x080033a8   Section        0  oled.o(i.OLED_GPIO_Init)
    i.OLED_I2C_SendByte                      0x080033ce   Section        0  oled.o(i.OLED_I2C_SendByte)
    i.OLED_I2C_Start                         0x08003408   Section        0  oled.o(i.OLED_I2C_Start)
    i.OLED_I2C_Stop                          0x08003426   Section        0  oled.o(i.OLED_I2C_Stop)
    i.OLED_Init                              0x0800343e   Section        0  oled.o(i.OLED_Init)
    i.OLED_Pow                               0x080034da   Section        0  oled.o(i.OLED_Pow)
    i.OLED_SetCursor                         0x080034e8   Section        0  oled.o(i.OLED_SetCursor)
    i.OLED_ShowChar                          0x0800350c   Section        0  oled.o(i.OLED_ShowChar)
    i.OLED_ShowChinese                       0x08003548   Section        0  oled.o(i.OLED_ShowChinese)
    i.OLED_ShowImage                         0x080035d4   Section        0  oled.o(i.OLED_ShowImage)
    i.OLED_ShowNum                           0x08003690   Section        0  oled.o(i.OLED_ShowNum)
    i.OLED_ShowString                        0x080036d6   Section        0  oled.o(i.OLED_ShowString)
    i.OLED_Update                            0x08003704   Section        0  oled.o(i.OLED_Update)
    i.OLED_W_SCL                             0x0800372c   Section        0  oled.o(i.OLED_W_SCL)
    i.OLED_W_SDA                             0x0800373c   Section        0  oled.o(i.OLED_W_SDA)
    i.OLED_WriteCommand                      0x0800374c   Section        0  oled.o(i.OLED_WriteCommand)
    i.OLED_WriteData                         0x0800376e   Section        0  oled.o(i.OLED_WriteData)
    i.POWER_Get_Data                         0x080037a0   Section        0  power.o(i.POWER_Get_Data)
    i.POWER_Init                             0x08003854   Section        0  power.o(i.POWER_Init)
    i.POWER_Send_String                      0x08003868   Section        0  power.o(i.POWER_Send_String)
    i.POWER_WaitRecive                       0x0800387c   Section        0  power.o(i.POWER_WaitRecive)
    i.Page                                   0x080038a4   Section        0  main.o(i.Page)
    i.PendSV_Handler                         0x08003ad4   Section        0  stm32f1xx_it.o(i.PendSV_Handler)
    i.Power_Set                              0x08003ad8   Section        0  main.o(i.Power_Set)
    i.Received_Data_Processing               0x08003ae8   Section        0  esp8266.o(i.Received_Data_Processing)
    i.SVC_Handler                            0x08003b28   Section        0  stm32f1xx_it.o(i.SVC_Handler)
    i.SysTick_Handler                        0x08003b2a   Section        0  stm32f1xx_it.o(i.SysTick_Handler)
    i.SystemClock_Config                     0x08003b2e   Section        0  main.o(i.SystemClock_Config)
    i.SystemInit                             0x08003b8c   Section        0  system_stm32f1xx.o(i.SystemInit)
    i.TIM1_UP_IRQHandler                     0x08003b90   Section        0  stm32f1xx_it.o(i.TIM1_UP_IRQHandler)
    i.TIM_Base_SetConfig                     0x08003b9c   Section        0  stm32f1xx_hal_tim.o(i.TIM_Base_SetConfig)
    i.TIM_ETR_SetConfig                      0x08003c14   Section        0  stm32f1xx_hal_tim.o(i.TIM_ETR_SetConfig)
    i.TIM_ITRx_SetConfig                     0x08003c28   Section        0  stm32f1xx_hal_tim.o(i.TIM_ITRx_SetConfig)
    TIM_ITRx_SetConfig                       0x08003c29   Thumb Code    16  stm32f1xx_hal_tim.o(i.TIM_ITRx_SetConfig)
    i.TIM_TI1_ConfigInputStage               0x08003c38   Section        0  stm32f1xx_hal_tim.o(i.TIM_TI1_ConfigInputStage)
    TIM_TI1_ConfigInputStage                 0x08003c39   Thumb Code    34  stm32f1xx_hal_tim.o(i.TIM_TI1_ConfigInputStage)
    i.TIM_TI2_ConfigInputStage               0x08003c5a   Section        0  stm32f1xx_hal_tim.o(i.TIM_TI2_ConfigInputStage)
    TIM_TI2_ConfigInputStage                 0x08003c5b   Thumb Code    36  stm32f1xx_hal_tim.o(i.TIM_TI2_ConfigInputStage)
    i.UART3_SendData                         0x08003c80   Section        0  jq8900.o(i.UART3_SendData)
    i.UART_DMAAbortOnError                   0x08003c90   Section        0  stm32f1xx_hal_uart.o(i.UART_DMAAbortOnError)
    UART_DMAAbortOnError                     0x08003c91   Thumb Code    16  stm32f1xx_hal_uart.o(i.UART_DMAAbortOnError)
    i.UART_EndRxTransfer                     0x08003ca0   Section        0  stm32f1xx_hal_uart.o(i.UART_EndRxTransfer)
    UART_EndRxTransfer                       0x08003ca1   Thumb Code    78  stm32f1xx_hal_uart.o(i.UART_EndRxTransfer)
    i.UART_Receive_IT                        0x08003cee   Section        0  stm32f1xx_hal_uart.o(i.UART_Receive_IT)
    UART_Receive_IT                          0x08003cef   Thumb Code   194  stm32f1xx_hal_uart.o(i.UART_Receive_IT)
    i.UART_SetConfig                         0x08003db0   Section        0  stm32f1xx_hal_uart.o(i.UART_SetConfig)
    UART_SetConfig                           0x08003db1   Thumb Code   178  stm32f1xx_hal_uart.o(i.UART_SetConfig)
    i.UART_Start_Receive_IT                  0x08003e68   Section        0  stm32f1xx_hal_uart.o(i.UART_Start_Receive_IT)
    i.UART_WaitOnFlagUntilTimeout            0x08003e9e   Section        0  stm32f1xx_hal_uart.o(i.UART_WaitOnFlagUntilTimeout)
    UART_WaitOnFlagUntilTimeout              0x08003e9f   Thumb Code   114  stm32f1xx_hal_uart.o(i.UART_WaitOnFlagUntilTimeout)
    i.USART1_IRQHandler                      0x08003f10   Section        0  stm32f1xx_it.o(i.USART1_IRQHandler)
    i.USART2_IRQHandler                      0x08003f1c   Section        0  stm32f1xx_it.o(i.USART2_IRQHandler)
    i.UsageFault_Handler                     0x08003f28   Section        0  stm32f1xx_it.o(i.UsageFault_Handler)
    i.__ARM_fpclassify                       0x08003f2a   Section        0  fpclassify.o(i.__ARM_fpclassify)
    i.__NVIC_SetPriority                     0x08003f52   Section        0  stm32f1xx_hal_cortex.o(i.__NVIC_SetPriority)
    __NVIC_SetPriority                       0x08003f53   Thumb Code    32  stm32f1xx_hal_cortex.o(i.__NVIC_SetPriority)
    i._is_digit                              0x08003f72   Section        0  __printf_wp.o(i._is_digit)
    i.main                                   0x08003f80   Section        0  main.o(i.main)
    i.readSDA                                0x08003fec   Section        0  ds1302.o(i.readSDA)
    readSDA                                  0x08003fed   Thumb Code    28  ds1302.o(i.readSDA)
    i.writeSDA                               0x0800400c   Section        0  ds1302.o(i.writeSDA)
    writeSDA                                 0x0800400d   Thumb Code    24  ds1302.o(i.writeSDA)
    locale$$code                             0x08004028   Section       44  lc_numeric_c.o(locale$$code)
    locale$$code                             0x08004054   Section       44  lc_ctype_c.o(locale$$code)
    x$fpl$d2f                                0x08004080   Section       98  d2f.o(x$fpl$d2f)
    x$fpl$dfltu                              0x080040e2   Section       38  dflt_clz.o(x$fpl$dfltu)
    x$fpl$dmul                               0x08004108   Section      340  dmul.o(x$fpl$dmul)
    x$fpl$dnaninf                            0x0800425c   Section      156  dnaninf.o(x$fpl$dnaninf)
    x$fpl$dretinf                            0x080042f8   Section       12  dretinf.o(x$fpl$dretinf)
    x$fpl$f2d                                0x08004304   Section       86  f2d.o(x$fpl$f2d)
    x$fpl$fnaninf                            0x0800435a   Section      140  fnaninf.o(x$fpl$fnaninf)
    x$fpl$fretinf                            0x080043e6   Section       10  fretinf.o(x$fpl$fretinf)
    x$fpl$printf1                            0x080043f0   Section        4  printf1.o(x$fpl$printf1)
    .constdata                               0x080043f4   Section     1520  oled_data.o(.constdata)
    x$fpl$usenofp                            0x080043f4   Section        0  usenofp.o(x$fpl$usenofp)
    .constdata                               0x080049e4   Section      570  oled_data.o(.constdata)
    .constdata                               0x08004c1e   Section      910  oled_data.o(.constdata)
    .constdata                               0x08004fac   Section       10  jq8900.o(.constdata)
    .constdata                               0x08004fb8   Section        9  power.o(.constdata)
    .constdata                               0x08004fc1   Section       18  stm32f1xx_hal_rcc.o(.constdata)
    aPredivFactorTable                       0x08004fc1   Data           2  stm32f1xx_hal_rcc.o(.constdata)
    aPLLMULFactorTable                       0x08004fc3   Data          16  stm32f1xx_hal_rcc.o(.constdata)
    .constdata                               0x08004fd3   Section       16  system_stm32f1xx.o(.constdata)
    .constdata                               0x08004fe3   Section        8  system_stm32f1xx.o(.constdata)
    .constdata                               0x08004feb   Section       17  __printf_flags_ss_wp.o(.constdata)
    maptable                                 0x08004feb   Data          17  __printf_flags_ss_wp.o(.constdata)
    .constdata                               0x08004ffc   Section      148  bigflt0.o(.constdata)
    tenpwrs_x                                0x08004ffc   Data          60  bigflt0.o(.constdata)
    tenpwrs_i                                0x08005038   Data          64  bigflt0.o(.constdata)
    locale$$data                             0x080050b0   Section       28  lc_numeric_c.o(locale$$data)
    __lcnum_c_name                           0x080050b4   Data           2  lc_numeric_c.o(locale$$data)
    __lcnum_c_start                          0x080050bc   Data           0  lc_numeric_c.o(locale$$data)
    __lcnum_c_point                          0x080050c8   Data           0  lc_numeric_c.o(locale$$data)
    __lcnum_c_thousands                      0x080050ca   Data           0  lc_numeric_c.o(locale$$data)
    __lcnum_c_grouping                       0x080050cb   Data           0  lc_numeric_c.o(locale$$data)
    locale$$data                             0x080050cc   Section      272  lc_ctype_c.o(locale$$data)
    __lcnum_c_end                            0x080050cc   Data           0  lc_numeric_c.o(locale$$data)
    __lcctype_c_name                         0x080050d0   Data           2  lc_ctype_c.o(locale$$data)
    __lcctype_c_start                        0x080050d8   Data           0  lc_ctype_c.o(locale$$data)
    __lcctype_c_end                          0x080051dc   Data           0  lc_ctype_c.o(locale$$data)
    .data                                    0x20000000   Section       41  main.o(.data)
    .data                                    0x2000002a   Section        2  esp8266.o(.data)
    .data                                    0x2000002c   Section        6  uart.o(.data)
    .data                                    0x20000032   Section        2  key.o(.data)
    .data                                    0x20000034   Section        1  power.o(.data)
    .data                                    0x20000038   Section       12  stm32f1xx_hal.o(.data)
    .data                                    0x20000044   Section        4  system_stm32f1xx.o(.data)
    .bss                                     0x20000048   Section      100  main.o(.bss)
    .bss                                     0x200000ac   Section       72  tim.o(.bss)
    .bss                                     0x200000f4   Section      216  usart.o(.bss)
    .bss                                     0x200001cc   Section     1024  oled.o(.bss)
    .bss                                     0x200005cc   Section      400  uart.o(.bss)
    .bss                                     0x2000075c   Section       22  jq8900.o(.bss)
    .bss                                     0x20000772   Section       15  key.o(.bss)
    .bss                                     0x20000784   Section       96  libspace.o(.bss)
    HEAP                                     0x200007e8   Section      512  startup_stm32f103xb.o(HEAP)
    Heap_Mem                                 0x200007e8   Data         512  startup_stm32f103xb.o(HEAP)
    STACK                                    0x200009e8   Section     1024  startup_stm32f103xb.o(STACK)
    Stack_Mem                                0x200009e8   Data        1024  startup_stm32f103xb.o(STACK)
    __initial_sp                             0x20000de8   Data           0  startup_stm32f103xb.o(STACK)

    Global Symbols

    Symbol Name                              Value     Ov Type        Size  Object(Section)

    BuildAttributes$$THM_ISAv4$P$D$K$B$S$PE$A:L22UL41UL21$X:L11$S22US41US21$IEEE1$IW$USESV6$~STKCKD$USESV7$~SHL$OTIME$ROPI$IEEEX$EBA8$UX$STANDARDLIB$REQ8$PRES8$EABIv2 0x00000000   Number         0  anon$$obj.o ABSOLUTE
    __ARM_use_no_argv                        0x00000000   Number         0  main.o ABSOLUTE
    _printf_flags                            0x00000000   Number         0  printf_stubs.o ABSOLUTE
    _printf_return_value                     0x00000000   Number         0  printf_stubs.o ABSOLUTE
    _printf_sizespec                         0x00000000   Number         0  printf_stubs.o ABSOLUTE
    _printf_widthprec                        0x00000000   Number         0  printf_stubs.o ABSOLUTE
    __ARM_exceptions_init                     - Undefined Weak Reference
    __alloca_initialize                       - Undefined Weak Reference
    __arm_preinit_                            - Undefined Weak Reference
    __cpp_initialize__aeabi_                  - Undefined Weak Reference
    __cxa_finalize                            - Undefined Weak Reference
    __sigvec_lookup                           - Undefined Weak Reference
    _atexit_init                              - Undefined Weak Reference
    _call_atexit_fns                          - Undefined Weak Reference
    _clock_init                               - Undefined Weak Reference
    _fp_trap_init                             - Undefined Weak Reference
    _fp_trap_shutdown                         - Undefined Weak Reference
    _get_lc_collate                           - Undefined Weak Reference
    _get_lc_monetary                          - Undefined Weak Reference
    _get_lc_time                              - Undefined Weak Reference
    _getenv_init                              - Undefined Weak Reference
    _handle_redirection                       - Undefined Weak Reference
    _init_alloc                               - Undefined Weak Reference
    _init_user_alloc                          - Undefined Weak Reference
    _initio                                   - Undefined Weak Reference
    _printf_mbtowc                            - Undefined Weak Reference
    _printf_wc                                - Undefined Weak Reference
    _rand_init                                - Undefined Weak Reference
    _signal_finish                            - Undefined Weak Reference
    _signal_init                              - Undefined Weak Reference
    _terminate_alloc                          - Undefined Weak Reference
    _terminate_user_alloc                     - Undefined Weak Reference
    _terminateio                              - Undefined Weak Reference
    __Vectors_Size                           0x000000ec   Number         0  startup_stm32f103xb.o ABSOLUTE
    __Vectors                                0x08000000   Data           4  startup_stm32f103xb.o(RESET)
    __Vectors_End                            0x080000ec   Data           0  startup_stm32f103xb.o(RESET)
    __main                                   0x080000ed   Thumb Code     8  __main.o(!!!main)
    __scatterload                            0x080000f5   Thumb Code     0  __scatter.o(!!!scatter)
    __scatterload_rt2                        0x080000f5   Thumb Code    44  __scatter.o(!!!scatter)
    __scatterload_rt2_thumb_only             0x080000f5   Thumb Code     0  __scatter.o(!!!scatter)
    __scatterload_null                       0x08000103   Thumb Code     0  __scatter.o(!!!scatter)
    __scatterload_copy                       0x08000129   Thumb Code    26  __scatter_copy.o(!!handler_copy)
    __scatterload_zeroinit                   0x08000145   Thumb Code    28  __scatter_zi.o(!!handler_zi)
    _printf_f                                0x08000161   Thumb Code     0  _printf_f.o(.ARM.Collect$$_printf_percent$$00000003)
    _printf_percent                          0x08000161   Thumb Code     0  _printf_percent.o(.ARM.Collect$$_printf_percent$$00000000)
    _printf_d                                0x08000167   Thumb Code     0  _printf_d.o(.ARM.Collect$$_printf_percent$$00000009)
    _printf_percent_end                      0x0800016d   Thumb Code     0  _printf_percent_end.o(.ARM.Collect$$_printf_percent$$00000017)
    __rt_lib_init                            0x08000171   Thumb Code     0  libinit.o(.ARM.Collect$$libinit$$00000000)
    __rt_lib_init_fp_1                       0x08000173   Thumb Code     0  libinit2.o(.ARM.Collect$$libinit$$00000002)
    __rt_lib_init_heap_1                     0x08000173   Thumb Code     0  libinit2.o(.ARM.Collect$$libinit$$0000000A)
    __rt_lib_init_lc_common                  0x08000173   Thumb Code     0  libinit2.o(.ARM.Collect$$libinit$$0000000F)
    __rt_lib_init_preinit_1                  0x08000173   Thumb Code     0  libinit2.o(.ARM.Collect$$libinit$$00000004)
    __rt_lib_init_rand_1                     0x08000173   Thumb Code     0  libinit2.o(.ARM.Collect$$libinit$$0000000E)
    __rt_lib_init_user_alloc_1               0x08000173   Thumb Code     0  libinit2.o(.ARM.Collect$$libinit$$0000000C)
    __rt_lib_init_lc_collate_1               0x08000179   Thumb Code     0  libinit2.o(.ARM.Collect$$libinit$$00000011)
    __rt_lib_init_lc_ctype_2                 0x08000179   Thumb Code     0  libinit2.o(.ARM.Collect$$libinit$$00000012)
    __rt_lib_init_lc_ctype_1                 0x08000185   Thumb Code     0  libinit2.o(.ARM.Collect$$libinit$$00000013)
    __rt_lib_init_lc_monetary_1              0x08000185   Thumb Code     0  libinit2.o(.ARM.Collect$$libinit$$00000015)
    __rt_lib_init_lc_numeric_2               0x08000185   Thumb Code     0  libinit2.o(.ARM.Collect$$libinit$$00000016)
    __rt_lib_init_alloca_1                   0x0800018f   Thumb Code     0  libinit2.o(.ARM.Collect$$libinit$$0000002E)
    __rt_lib_init_argv_1                     0x0800018f   Thumb Code     0  libinit2.o(.ARM.Collect$$libinit$$0000002C)
    __rt_lib_init_atexit_1                   0x0800018f   Thumb Code     0  libinit2.o(.ARM.Collect$$libinit$$0000001B)
    __rt_lib_init_clock_1                    0x0800018f   Thumb Code     0  libinit2.o(.ARM.Collect$$libinit$$00000021)
    __rt_lib_init_cpp_1                      0x0800018f   Thumb Code     0  libinit2.o(.ARM.Collect$$libinit$$00000032)
    __rt_lib_init_exceptions_1               0x0800018f   Thumb Code     0  libinit2.o(.ARM.Collect$$libinit$$00000030)
    __rt_lib_init_fp_trap_1                  0x0800018f   Thumb Code     0  libinit2.o(.ARM.Collect$$libinit$$0000001F)
    __rt_lib_init_getenv_1                   0x0800018f   Thumb Code     0  libinit2.o(.ARM.Collect$$libinit$$00000023)
    __rt_lib_init_lc_numeric_1               0x0800018f   Thumb Code     0  libinit2.o(.ARM.Collect$$libinit$$00000017)
    __rt_lib_init_lc_time_1                  0x0800018f   Thumb Code     0  libinit2.o(.ARM.Collect$$libinit$$00000019)
    __rt_lib_init_return                     0x0800018f   Thumb Code     0  libinit2.o(.ARM.Collect$$libinit$$00000033)
    __rt_lib_init_signal_1                   0x0800018f   Thumb Code     0  libinit2.o(.ARM.Collect$$libinit$$0000001D)
    __rt_lib_init_stdio_1                    0x0800018f   Thumb Code     0  libinit2.o(.ARM.Collect$$libinit$$00000025)
    __rt_lib_shutdown                        0x08000191   Thumb Code     0  libshutdown.o(.ARM.Collect$$libshutdown$$00000000)
    __rt_lib_shutdown_cpp_1                  0x08000193   Thumb Code     0  libshutdown2.o(.ARM.Collect$$libshutdown$$00000002)
    __rt_lib_shutdown_fp_trap_1              0x08000193   Thumb Code     0  libshutdown2.o(.ARM.Collect$$libshutdown$$00000007)
    __rt_lib_shutdown_heap_1                 0x08000193   Thumb Code     0  libshutdown2.o(.ARM.Collect$$libshutdown$$0000000F)
    __rt_lib_shutdown_return                 0x08000193   Thumb Code     0  libshutdown2.o(.ARM.Collect$$libshutdown$$00000010)
    __rt_lib_shutdown_signal_1               0x08000193   Thumb Code     0  libshutdown2.o(.ARM.Collect$$libshutdown$$0000000A)
    __rt_lib_shutdown_stdio_1                0x08000193   Thumb Code     0  libshutdown2.o(.ARM.Collect$$libshutdown$$00000004)
    __rt_lib_shutdown_user_alloc_1           0x08000193   Thumb Code     0  libshutdown2.o(.ARM.Collect$$libshutdown$$0000000C)
    __rt_entry                               0x08000195   Thumb Code     0  __rtentry.o(.ARM.Collect$$rtentry$$00000000)
    __rt_entry_presh_1                       0x08000195   Thumb Code     0  __rtentry2.o(.ARM.Collect$$rtentry$$00000002)
    __rt_entry_sh                            0x08000195   Thumb Code     0  __rtentry4.o(.ARM.Collect$$rtentry$$00000004)
    __rt_entry_li                            0x0800019b   Thumb Code     0  __rtentry2.o(.ARM.Collect$$rtentry$$0000000A)
    __rt_entry_postsh_1                      0x0800019b   Thumb Code     0  __rtentry2.o(.ARM.Collect$$rtentry$$00000009)
    __rt_entry_main                          0x0800019f   Thumb Code     0  __rtentry2.o(.ARM.Collect$$rtentry$$0000000D)
    __rt_entry_postli_1                      0x0800019f   Thumb Code     0  __rtentry2.o(.ARM.Collect$$rtentry$$0000000C)
    __rt_exit                                0x080001a7   Thumb Code     0  rtexit.o(.ARM.Collect$$rtexit$$00000000)
    __rt_exit_ls                             0x080001a9   Thumb Code     0  rtexit2.o(.ARM.Collect$$rtexit$$00000003)
    __rt_exit_prels_1                        0x080001a9   Thumb Code     0  rtexit2.o(.ARM.Collect$$rtexit$$00000002)
    __rt_exit_exit                           0x080001ad   Thumb Code     0  rtexit2.o(.ARM.Collect$$rtexit$$00000004)
    Reset_Handler                            0x080001b5   Thumb Code     8  startup_stm32f103xb.o(.text)
    ADC1_2_IRQHandler                        0x080001cf   Thumb Code     0  startup_stm32f103xb.o(.text)
    CAN1_RX1_IRQHandler                      0x080001cf   Thumb Code     0  startup_stm32f103xb.o(.text)
    CAN1_SCE_IRQHandler                      0x080001cf   Thumb Code     0  startup_stm32f103xb.o(.text)
    DMA1_Channel1_IRQHandler                 0x080001cf   Thumb Code     0  startup_stm32f103xb.o(.text)
    DMA1_Channel2_IRQHandler                 0x080001cf   Thumb Code     0  startup_stm32f103xb.o(.text)
    DMA1_Channel3_IRQHandler                 0x080001cf   Thumb Code     0  startup_stm32f103xb.o(.text)
    DMA1_Channel4_IRQHandler                 0x080001cf   Thumb Code     0  startup_stm32f103xb.o(.text)
    DMA1_Channel5_IRQHandler                 0x080001cf   Thumb Code     0  startup_stm32f103xb.o(.text)
    DMA1_Channel6_IRQHandler                 0x080001cf   Thumb Code     0  startup_stm32f103xb.o(.text)
    DMA1_Channel7_IRQHandler                 0x080001cf   Thumb Code     0  startup_stm32f103xb.o(.text)
    EXTI0_IRQHandler                         0x080001cf   Thumb Code     0  startup_stm32f103xb.o(.text)
    EXTI15_10_IRQHandler                     0x080001cf   Thumb Code     0  startup_stm32f103xb.o(.text)
    EXTI1_IRQHandler                         0x080001cf   Thumb Code     0  startup_stm32f103xb.o(.text)
    EXTI2_IRQHandler                         0x080001cf   Thumb Code     0  startup_stm32f103xb.o(.text)
    EXTI3_IRQHandler                         0x080001cf   Thumb Code     0  startup_stm32f103xb.o(.text)
    EXTI4_IRQHandler                         0x080001cf   Thumb Code     0  startup_stm32f103xb.o(.text)
    EXTI9_5_IRQHandler                       0x080001cf   Thumb Code     0  startup_stm32f103xb.o(.text)
    FLASH_IRQHandler                         0x080001cf   Thumb Code     0  startup_stm32f103xb.o(.text)
    I2C1_ER_IRQHandler                       0x080001cf   Thumb Code     0  startup_stm32f103xb.o(.text)
    I2C1_EV_IRQHandler                       0x080001cf   Thumb Code     0  startup_stm32f103xb.o(.text)
    I2C2_ER_IRQHandler                       0x080001cf   Thumb Code     0  startup_stm32f103xb.o(.text)
    I2C2_EV_IRQHandler                       0x080001cf   Thumb Code     0  startup_stm32f103xb.o(.text)
    PVD_IRQHandler                           0x080001cf   Thumb Code     0  startup_stm32f103xb.o(.text)
    RCC_IRQHandler                           0x080001cf   Thumb Code     0  startup_stm32f103xb.o(.text)
    RTC_Alarm_IRQHandler                     0x080001cf   Thumb Code     0  startup_stm32f103xb.o(.text)
    RTC_IRQHandler                           0x080001cf   Thumb Code     0  startup_stm32f103xb.o(.text)
    SPI1_IRQHandler                          0x080001cf   Thumb Code     0  startup_stm32f103xb.o(.text)
    SPI2_IRQHandler                          0x080001cf   Thumb Code     0  startup_stm32f103xb.o(.text)
    TAMPER_IRQHandler                        0x080001cf   Thumb Code     0  startup_stm32f103xb.o(.text)
    TIM1_BRK_IRQHandler                      0x080001cf   Thumb Code     0  startup_stm32f103xb.o(.text)
    TIM1_CC_IRQHandler                       0x080001cf   Thumb Code     0  startup_stm32f103xb.o(.text)
    TIM1_TRG_COM_IRQHandler                  0x080001cf   Thumb Code     0  startup_stm32f103xb.o(.text)
    TIM2_IRQHandler                          0x080001cf   Thumb Code     0  startup_stm32f103xb.o(.text)
    TIM3_IRQHandler                          0x080001cf   Thumb Code     0  startup_stm32f103xb.o(.text)
    TIM4_IRQHandler                          0x080001cf   Thumb Code     0  startup_stm32f103xb.o(.text)
    USART3_IRQHandler                        0x080001cf   Thumb Code     0  startup_stm32f103xb.o(.text)
    USBWakeUp_IRQHandler                     0x080001cf   Thumb Code     0  startup_stm32f103xb.o(.text)
    USB_HP_CAN1_TX_IRQHandler                0x080001cf   Thumb Code     0  startup_stm32f103xb.o(.text)
    USB_LP_CAN1_RX0_IRQHandler               0x080001cf   Thumb Code     0  startup_stm32f103xb.o(.text)
    WWDG_IRQHandler                          0x080001cf   Thumb Code     0  startup_stm32f103xb.o(.text)
    __user_initial_stackheap                 0x080001d1   Thumb Code     0  startup_stm32f103xb.o(.text)
    __2sprintf                               0x080001f5   Thumb Code    38  __2sprintf.o(.text)
    _printf_pre_padding                      0x08000221   Thumb Code    44  _printf_pad.o(.text)
    _printf_post_padding                     0x0800024d   Thumb Code    34  _printf_pad.o(.text)
    _printf_int_dec                          0x08000271   Thumb Code   104  _printf_dec.o(.text)
    __printf                                 0x080002e9   Thumb Code   388  __printf_flags_ss_wp.o(.text)
    atoi                                     0x08000471   Thumb Code    26  atoi.o(.text)
    strstr                                   0x0800048b   Thumb Code    36  strstr.o(.text)
    strcpy                                   0x080004af   Thumb Code    72  strcpy.o(.text)
    strlen                                   0x080004f7   Thumb Code    62  strlen.o(.text)
    __aeabi_memclr4                          0x08000535   Thumb Code     0  rt_memclr_w.o(.text)
    __aeabi_memclr8                          0x08000535   Thumb Code     0  rt_memclr_w.o(.text)
    __rt_memclr_w                            0x08000535   Thumb Code    78  rt_memclr_w.o(.text)
    _memset_w                                0x08000539   Thumb Code     0  rt_memclr_w.o(.text)
    strcmp                                   0x08000585   Thumb Code   128  strcmpv7m.o(.text)
    __use_two_region_memory                  0x08000605   Thumb Code     2  heapauxi.o(.text)
    __rt_heap_escrow$2region                 0x08000607   Thumb Code     2  heapauxi.o(.text)
    __rt_heap_expand$2region                 0x08000609   Thumb Code     2  heapauxi.o(.text)
    __aeabi_errno_addr                       0x0800060d   Thumb Code     8  rt_errno_addr_intlibspace.o(.text)
    __errno$intlibspace                      0x0800060d   Thumb Code     0  rt_errno_addr_intlibspace.o(.text)
    __rt_errno_addr$intlibspace              0x0800060d   Thumb Code     0  rt_errno_addr_intlibspace.o(.text)
    _printf_int_common                       0x08000615   Thumb Code   178  _printf_intcommon.o(.text)
    __lib_sel_fp_printf                      0x080006c7   Thumb Code     2  _printf_fp_dec.o(.text)
    _printf_fp_dec_real                      0x08000879   Thumb Code   620  _printf_fp_dec.o(.text)
    _printf_char_common                      0x08000aef   Thumb Code    32  _printf_char_common.o(.text)
    _sputc                                   0x08000b15   Thumb Code    10  _sputc.o(.text)
    strtol                                   0x08000b1f   Thumb Code   112  strtol.o(.text)
    __user_libspace                          0x08000b91   Thumb Code     8  libspace.o(.text)
    __user_perproc_libspace                  0x08000b91   Thumb Code     0  libspace.o(.text)
    __user_perthread_libspace                0x08000b91   Thumb Code     0  libspace.o(.text)
    __rt_ctype_table                         0x08000b99   Thumb Code    16  rt_ctype_table.o(.text)
    __rt_locale                              0x08000ba9   Thumb Code     8  rt_locale_intlibspace.o(.text)
    _ll_udiv10                               0x08000bb1   Thumb Code   138  lludiv10.o(.text)
    _printf_fp_infnan                        0x08000c3d   Thumb Code   112  _printf_fp_infnan.o(.text)
    _strtoul                                 0x08000cbd   Thumb Code   158  _strtoul.o(.text)
    _btod_etento                             0x08000d5d   Thumb Code   224  bigflt0.o(.text)
    __user_setup_stackheap                   0x08000e41   Thumb Code    74  sys_stackheap_outer.o(.text)
    _chval                                   0x08000e8b   Thumb Code    28  _chval.o(.text)
    exit                                     0x08000ea7   Thumb Code    18  exit.o(.text)
    _sys_exit                                0x08000eb9   Thumb Code     8  sys_exit.o(.text)
    __I$use$semihosting                      0x08000ec5   Thumb Code     0  use_no_semi.o(.text)
    __use_no_semihosting_swi                 0x08000ec5   Thumb Code     2  use_no_semi.o(.text)
    __semihosting_library_function           0x08000ec7   Thumb Code     0  indicate_semi.o(.text)
    _btod_d2e                                0x08000ec7   Thumb Code    62  btod.o(CL$$btod_d2e)
    _d2e_denorm_low                          0x08000f05   Thumb Code    70  btod.o(CL$$btod_d2e_denorm_low)
    _d2e_norm_op1                            0x08000f4b   Thumb Code    96  btod.o(CL$$btod_d2e_norm_op1)
    __btod_div_common                        0x08000fab   Thumb Code   696  btod.o(CL$$btod_div_common)
    _e2e                                     0x080012e3   Thumb Code   220  btod.o(CL$$btod_e2e)
    _btod_ediv                               0x080013bf   Thumb Code    42  btod.o(CL$$btod_ediv)
    _btod_emul                               0x080013e9   Thumb Code    42  btod.o(CL$$btod_emul)
    __btod_mult_common                       0x08001413   Thumb Code   580  btod.o(CL$$btod_mult_common)
    BusFault_Handler                         0x08001657   Thumb Code     2  stm32f1xx_it.o(i.BusFault_Handler)
    Ctrl                                     0x08001659   Thumb Code   258  main.o(i.Ctrl)
    DHT11_Read_Data                          0x08001855   Thumb Code    76  dht11.o(i.DHT11_Read_Data)
    DS1302_Init                              0x080018cd   Thumb Code    60  ds1302.o(i.DS1302_Init)
    DS1302_ReadTime                          0x08001985   Thumb Code   164  ds1302.o(i.DS1302_ReadTime)
    DebugMon_Handler                         0x08001add   Thumb Code     2  stm32f1xx_it.o(i.DebugMon_Handler)
    Delay_ms                                 0x08001adf   Thumb Code    22  delay.o(i.Delay_ms)
    Delay_us                                 0x08001af5   Thumb Code    32  delay.o(i.Delay_us)
    ESP8266_GetIPD                           0x08001b15   Thumb Code   178  esp8266.o(i.ESP8266_GetIPD)
    ESP8266_WaitRecive                       0x08001c29   Thumb Code    28  esp8266.o(i.ESP8266_WaitRecive)
    Error_Handler                            0x08001c4d   Thumb Code     4  main.o(i.Error_Handler)
    HAL_DMA_Abort                            0x08001c51   Thumb Code    70  stm32f1xx_hal_dma.o(i.HAL_DMA_Abort)
    HAL_DMA_Abort_IT                         0x08001c99   Thumb Code   148  stm32f1xx_hal_dma.o(i.HAL_DMA_Abort_IT)
    HAL_GPIO_Init                            0x08001d31   Thumb Code   446  stm32f1xx_hal_gpio.o(i.HAL_GPIO_Init)
    HAL_GPIO_ReadPin                         0x08001f11   Thumb Code    10  stm32f1xx_hal_gpio.o(i.HAL_GPIO_ReadPin)
    HAL_GPIO_WritePin                        0x08001f1b   Thumb Code    10  stm32f1xx_hal_gpio.o(i.HAL_GPIO_WritePin)
    HAL_GetTick                              0x08001f25   Thumb Code     6  stm32f1xx_hal.o(i.HAL_GetTick)
    HAL_IncTick                              0x08001f31   Thumb Code    12  stm32f1xx_hal.o(i.HAL_IncTick)
    HAL_Init                                 0x08001f41   Thumb Code    32  stm32f1xx_hal.o(i.HAL_Init)
    HAL_InitTick                             0x08001f65   Thumb Code    54  stm32f1xx_hal.o(i.HAL_InitTick)
    HAL_MspInit                              0x08001fa5   Thumb Code    52  stm32f1xx_hal_msp.o(i.HAL_MspInit)
    HAL_NVIC_EnableIRQ                       0x08001fe1   Thumb Code    26  stm32f1xx_hal_cortex.o(i.HAL_NVIC_EnableIRQ)
    HAL_NVIC_SetPriority                     0x08001ffd   Thumb Code    60  stm32f1xx_hal_cortex.o(i.HAL_NVIC_SetPriority)
    HAL_NVIC_SetPriorityGrouping             0x0800203d   Thumb Code    26  stm32f1xx_hal_cortex.o(i.HAL_NVIC_SetPriorityGrouping)
    HAL_RCC_ClockConfig                      0x08002061   Thumb Code   280  stm32f1xx_hal_rcc.o(i.HAL_RCC_ClockConfig)
    HAL_RCC_GetPCLK1Freq                     0x0800218d   Thumb Code    20  stm32f1xx_hal_rcc.o(i.HAL_RCC_GetPCLK1Freq)
    HAL_RCC_GetPCLK2Freq                     0x080021ad   Thumb Code    20  stm32f1xx_hal_rcc.o(i.HAL_RCC_GetPCLK2Freq)
    HAL_RCC_GetSysClockFreq                  0x080021cd   Thumb Code    58  stm32f1xx_hal_rcc.o(i.HAL_RCC_GetSysClockFreq)
    HAL_RCC_OscConfig                        0x08002219   Thumb Code   778  stm32f1xx_hal_rcc.o(i.HAL_RCC_OscConfig)
    HAL_SYSTICK_Config                       0x08002539   Thumb Code    40  stm32f1xx_hal_cortex.o(i.HAL_SYSTICK_Config)
    HAL_TIMEx_BreakCallback                  0x08002561   Thumb Code     2  stm32f1xx_hal_tim_ex.o(i.HAL_TIMEx_BreakCallback)
    HAL_TIMEx_CommutCallback                 0x08002563   Thumb Code     2  stm32f1xx_hal_tim_ex.o(i.HAL_TIMEx_CommutCallback)
    HAL_TIMEx_MasterConfigSynchronization    0x08002565   Thumb Code    92  stm32f1xx_hal_tim_ex.o(i.HAL_TIMEx_MasterConfigSynchronization)
    HAL_TIM_Base_Init                        0x080025cd   Thumb Code    90  stm32f1xx_hal_tim.o(i.HAL_TIM_Base_Init)
    HAL_TIM_Base_MspInit                     0x08002629   Thumb Code    50  tim.o(i.HAL_TIM_Base_MspInit)
    HAL_TIM_Base_Start_IT                    0x08002665   Thumb Code    76  stm32f1xx_hal_tim.o(i.HAL_TIM_Base_Start_IT)
    HAL_TIM_ConfigClockSource                0x080026bd   Thumb Code   220  stm32f1xx_hal_tim.o(i.HAL_TIM_ConfigClockSource)
    HAL_TIM_IC_CaptureCallback               0x08002799   Thumb Code     2  stm32f1xx_hal_tim.o(i.HAL_TIM_IC_CaptureCallback)
    HAL_TIM_IRQHandler                       0x0800279b   Thumb Code   304  stm32f1xx_hal_tim.o(i.HAL_TIM_IRQHandler)
    HAL_TIM_OC_DelayElapsedCallback          0x080028cb   Thumb Code     2  stm32f1xx_hal_tim.o(i.HAL_TIM_OC_DelayElapsedCallback)
    HAL_TIM_PWM_PulseFinishedCallback        0x080028cd   Thumb Code     2  stm32f1xx_hal_tim.o(i.HAL_TIM_PWM_PulseFinishedCallback)
    HAL_TIM_PeriodElapsedCallback            0x080028d1   Thumb Code   132  tim.o(i.HAL_TIM_PeriodElapsedCallback)
    HAL_TIM_TriggerCallback                  0x08002965   Thumb Code     2  stm32f1xx_hal_tim.o(i.HAL_TIM_TriggerCallback)
    HAL_UARTEx_RxEventCallback               0x08002967   Thumb Code     2  stm32f1xx_hal_uart.o(i.HAL_UARTEx_RxEventCallback)
    HAL_UART_ErrorCallback                   0x08002969   Thumb Code     2  stm32f1xx_hal_uart.o(i.HAL_UART_ErrorCallback)
    HAL_UART_IRQHandler                      0x0800296d   Thumb Code   616  stm32f1xx_hal_uart.o(i.HAL_UART_IRQHandler)
    HAL_UART_Init                            0x08002bd9   Thumb Code   100  stm32f1xx_hal_uart.o(i.HAL_UART_Init)
    HAL_UART_MspInit                         0x08002c3d   Thumb Code   270  usart.o(i.HAL_UART_MspInit)
    HAL_UART_Receive_IT                      0x08002d65   Thumb Code    28  stm32f1xx_hal_uart.o(i.HAL_UART_Receive_IT)
    HAL_UART_RxCpltCallback                  0x08002d81   Thumb Code    86  uart.o(i.HAL_UART_RxCpltCallback)
    HAL_UART_Transmit                        0x08002df1   Thumb Code   160  stm32f1xx_hal_uart.o(i.HAL_UART_Transmit)
    HAL_UART_TxCpltCallback                  0x08002e91   Thumb Code     2  stm32f1xx_hal_uart.o(i.HAL_UART_TxCpltCallback)
    HardFault_Handler                        0x08002e93   Thumb Code     2  stm32f1xx_it.o(i.HardFault_Handler)
    JQ8900_Play_Recording                    0x08002e95   Thumb Code    46  jq8900.o(i.JQ8900_Play_Recording)
    JQ8x00_Command_Data                      0x08002ec5   Thumb Code   100  jq8900.o(i.JQ8x00_Command_Data)
    JQ8x00_RandomPathPlay                    0x08002f2d   Thumb Code   120  jq8900.o(i.JQ8x00_RandomPathPlay)
    Key_Init                                 0x08002fa9   Thumb Code     6  key.o(i.Key_Init)
    Key_Scanf                                0x08002fb5   Thumb Code   390  key.o(i.Key_Scanf)
    MX_GPIO_Init                             0x08003159   Thumb Code   170  gpio.o(i.MX_GPIO_Init)
    MX_TIM1_Init                             0x08003211   Thumb Code    96  tim.o(i.MX_TIM1_Init)
    MX_USART1_UART_Init                      0x08003279   Thumb Code    48  usart.o(i.MX_USART1_UART_Init)
    MX_USART2_UART_Init                      0x080032b1   Thumb Code    48  usart.o(i.MX_USART2_UART_Init)
    MX_USART3_UART_Init                      0x080032e9   Thumb Code    48  usart.o(i.MX_USART3_UART_Init)
    MemManage_Handler                        0x08003321   Thumb Code     2  stm32f1xx_it.o(i.MemManage_Handler)
    NMI_Handler                              0x08003323   Thumb Code     2  stm32f1xx_it.o(i.NMI_Handler)
    OLED_Clear                               0x08003325   Thumb Code    34  oled.o(i.OLED_Clear)
    OLED_ClearArea                           0x0800334d   Thumb Code    86  oled.o(i.OLED_ClearArea)
    OLED_GPIO_Init                           0x080033a9   Thumb Code    38  oled.o(i.OLED_GPIO_Init)
    OLED_I2C_SendByte                        0x080033cf   Thumb Code    58  oled.o(i.OLED_I2C_SendByte)
    OLED_I2C_Start                           0x08003409   Thumb Code    30  oled.o(i.OLED_I2C_Start)
    OLED_I2C_Stop                            0x08003427   Thumb Code    24  oled.o(i.OLED_I2C_Stop)
    OLED_Init                                0x0800343f   Thumb Code   156  oled.o(i.OLED_Init)
    OLED_Pow                                 0x080034db   Thumb Code    14  oled.o(i.OLED_Pow)
    OLED_SetCursor                           0x080034e9   Thumb Code    34  oled.o(i.OLED_SetCursor)
    OLED_ShowChar                            0x0800350d   Thumb Code    52  oled.o(i.OLED_ShowChar)
    OLED_ShowChinese                         0x08003549   Thumb Code   132  oled.o(i.OLED_ShowChinese)
    OLED_ShowImage                           0x080035d5   Thumb Code   182  oled.o(i.OLED_ShowImage)
    OLED_ShowNum                             0x08003691   Thumb Code    70  oled.o(i.OLED_ShowNum)
    OLED_ShowString                          0x080036d7   Thumb Code    44  oled.o(i.OLED_ShowString)
    OLED_Update                              0x08003705   Thumb Code    34  oled.o(i.OLED_Update)
    OLED_W_SCL                               0x0800372d   Thumb Code    12  oled.o(i.OLED_W_SCL)
    OLED_W_SDA                               0x0800373d   Thumb Code    12  oled.o(i.OLED_W_SDA)
    OLED_WriteCommand                        0x0800374d   Thumb Code    34  oled.o(i.OLED_WriteCommand)
    OLED_WriteData                           0x0800376f   Thumb Code    48  oled.o(i.OLED_WriteData)
    POWER_Get_Data                           0x080037a1   Thumb Code   162  power.o(i.POWER_Get_Data)
    POWER_Init                               0x08003855   Thumb Code    10  power.o(i.POWER_Init)
    POWER_Send_String                        0x08003869   Thumb Code    14  power.o(i.POWER_Send_String)
    POWER_WaitRecive                         0x0800387d   Thumb Code    30  power.o(i.POWER_WaitRecive)
    Page                                     0x080038a5   Thumb Code   452  main.o(i.Page)
    PendSV_Handler                           0x08003ad5   Thumb Code     2  stm32f1xx_it.o(i.PendSV_Handler)
    Power_Set                                0x08003ad9   Thumb Code    10  main.o(i.Power_Set)
    Received_Data_Processing                 0x08003ae9   Thumb Code    60  esp8266.o(i.Received_Data_Processing)
    SVC_Handler                              0x08003b29   Thumb Code     2  stm32f1xx_it.o(i.SVC_Handler)
    SysTick_Handler                          0x08003b2b   Thumb Code     4  stm32f1xx_it.o(i.SysTick_Handler)
    SystemClock_Config                       0x08003b2f   Thumb Code    94  main.o(i.SystemClock_Config)
    SystemInit                               0x08003b8d   Thumb Code     2  system_stm32f1xx.o(i.SystemInit)
    TIM1_UP_IRQHandler                       0x08003b91   Thumb Code     6  stm32f1xx_it.o(i.TIM1_UP_IRQHandler)
    TIM_Base_SetConfig                       0x08003b9d   Thumb Code   108  stm32f1xx_hal_tim.o(i.TIM_Base_SetConfig)
    TIM_ETR_SetConfig                        0x08003c15   Thumb Code    20  stm32f1xx_hal_tim.o(i.TIM_ETR_SetConfig)
    UART3_SendData                           0x08003c81   Thumb Code    12  jq8900.o(i.UART3_SendData)
    UART_Start_Receive_IT                    0x08003e69   Thumb Code    54  stm32f1xx_hal_uart.o(i.UART_Start_Receive_IT)
    USART1_IRQHandler                        0x08003f11   Thumb Code     6  stm32f1xx_it.o(i.USART1_IRQHandler)
    USART2_IRQHandler                        0x08003f1d   Thumb Code     6  stm32f1xx_it.o(i.USART2_IRQHandler)
    UsageFault_Handler                       0x08003f29   Thumb Code     2  stm32f1xx_it.o(i.UsageFault_Handler)
    __ARM_fpclassify                         0x08003f2b   Thumb Code    40  fpclassify.o(i.__ARM_fpclassify)
    _is_digit                                0x08003f73   Thumb Code    14  __printf_wp.o(i._is_digit)
    main                                     0x08003f81   Thumb Code   102  main.o(i.main)
    _get_lc_numeric                          0x08004029   Thumb Code    44  lc_numeric_c.o(locale$$code)
    _get_lc_ctype                            0x08004055   Thumb Code    44  lc_ctype_c.o(locale$$code)
    __aeabi_d2f                              0x08004081   Thumb Code     0  d2f.o(x$fpl$d2f)
    _d2f                                     0x08004081   Thumb Code    98  d2f.o(x$fpl$d2f)
    __aeabi_ui2d                             0x080040e3   Thumb Code     0  dflt_clz.o(x$fpl$dfltu)
    _dfltu                                   0x080040e3   Thumb Code    38  dflt_clz.o(x$fpl$dfltu)
    __aeabi_dmul                             0x08004109   Thumb Code     0  dmul.o(x$fpl$dmul)
    _dmul                                    0x08004109   Thumb Code   332  dmul.o(x$fpl$dmul)
    __fpl_dnaninf                            0x0800425d   Thumb Code   156  dnaninf.o(x$fpl$dnaninf)
    __fpl_dretinf                            0x080042f9   Thumb Code    12  dretinf.o(x$fpl$dretinf)
    __aeabi_f2d                              0x08004305   Thumb Code     0  f2d.o(x$fpl$f2d)
    _f2d                                     0x08004305   Thumb Code    86  f2d.o(x$fpl$f2d)
    __fpl_fnaninf                            0x0800435b   Thumb Code   140  fnaninf.o(x$fpl$fnaninf)
    __fpl_fretinf                            0x080043e7   Thumb Code    10  fretinf.o(x$fpl$fretinf)
    _printf_fp_dec                           0x080043f1   Thumb Code     4  printf1.o(x$fpl$printf1)
    OLED_F8x16                               0x080043f4   Data        1520  oled_data.o(.constdata)
    __I$use$fp                               0x080043f4   Number         0  usenofp.o(x$fpl$usenofp)
    OLED_F6x8                                0x080049e4   Data         570  oled_data.o(.constdata)
    OLED_CF16x16                             0x08004c1e   Data         910  oled_data.o(.constdata)
    AHBPrescTable                            0x08004fd3   Data          16  system_stm32f1xx.o(.constdata)
    APBPrescTable                            0x08004fe3   Data           8  system_stm32f1xx.o(.constdata)
    Region$$Table$$Base                      0x08005090   Number         0  anon$$obj.o(Region$$Table)
    Region$$Table$$Limit                     0x080050b0   Number         0  anon$$obj.o(Region$$Table)
    __ctype                                  0x080050d9   Data           0  lc_ctype_c.o(locale$$data)
    temp_max                                 0x20000000   Data           1  main.o(.data)
    humi_max                                 0x20000001   Data           1  main.o(.data)
    time_set_flag                            0x20000002   Data           1  main.o(.data)
    humi_value                               0x20000003   Data           1  main.o(.data)
    temp_value                               0x20000004   Data           1  main.o(.data)
    mode                                     0x20000005   Data           1  main.o(.data)
    power_flag                               0x20000006   Data           1  main.o(.data)
    U                                        0x20000008   Data           4  main.o(.data)
    I                                        0x2000000c   Data           4  main.o(.data)
    P                                        0x20000010   Data           4  main.o(.data)
    time                                     0x20000014   Data           7  main.o(.data)
    set_time                                 0x2000001b   Data           7  main.o(.data)
    end_time                                 0x20000022   Data           7  main.o(.data)
    esp8266_cntPre                           0x2000002a   Data           2  esp8266.o(.data)
    rxdata1                                  0x2000002c   Data           1  uart.o(.data)
    rxdata2                                  0x2000002d   Data           1  uart.o(.data)
    uart1_i                                  0x2000002e   Data           2  uart.o(.data)
    uart2_i                                  0x20000030   Data           2  uart.o(.data)
    time_i                                   0x20000032   Data           1  key.o(.data)
    key_flag                                 0x20000033   Data           1  key.o(.data)
    rx_len                                   0x20000034   Data           1  power.o(.data)
    uwTickFreq                               0x20000038   Data           1  stm32f1xx_hal.o(.data)
    uwTickPrio                               0x2000003c   Data           4  stm32f1xx_hal.o(.data)
    uwTick                                   0x20000040   Data           4  stm32f1xx_hal.o(.data)
    SystemCoreClock                          0x20000044   Data           4  system_stm32f1xx.o(.data)
    s                                        0x20000048   Data         100  main.o(.bss)
    htim1                                    0x200000ac   Data          72  tim.o(.bss)
    huart1                                   0x200000f4   Data          72  usart.o(.bss)
    huart2                                   0x2000013c   Data          72  usart.o(.bss)
    huart3                                   0x20000184   Data          72  usart.o(.bss)
    OLED_DisplayBuf                          0x200001cc   Data        1024  oled.o(.bss)
    uart1_Buff                               0x200005cc   Data         200  uart.o(.bss)
    uart2_Buff                               0x20000694   Data         200  uart.o(.bss)
    rec                                      0x2000075c   Data          22  jq8900.o(.bss)
    key                                      0x20000772   Data          15  key.o(.bss)
    __libspace_start                         0x20000784   Data          96  libspace.o(.bss)
    __temporary_stack_top$libspace           0x200007e4   Data           0  libspace.o(.bss)



==============================================================================

Memory Map of the image

  Image Entry point : 0x080000ed

  Load Region LR_IROM1 (Base: 0x08000000, Size: 0x00005224, Max: 0x00010000, ABSOLUTE)

    Execution Region ER_IROM1 (Exec base: 0x08000000, Load base: 0x08000000, Size: 0x000051dc, Max: 0x00010000, ABSOLUTE)

    Exec Addr    Load Addr    Size         Type   Attr      Idx    E Section Name        Object

    0x08000000   0x08000000   0x000000ec   Data   RO            3    RESET               startup_stm32f103xb.o
    0x080000ec   0x080000ec   0x00000008   Code   RO         3657  * !!!main             c_w.l(__main.o)
    0x080000f4   0x080000f4   0x00000034   Code   RO         4063    !!!scatter          c_w.l(__scatter.o)
    0x08000128   0x08000128   0x0000001a   Code   RO         4065    !!handler_copy      c_w.l(__scatter_copy.o)
    0x08000142   0x08000142   0x00000002   PAD
    0x08000144   0x08000144   0x0000001c   Code   RO         4067    !!handler_zi        c_w.l(__scatter_zi.o)
    0x08000160   0x08000160   0x00000000   Code   RO         3640    .ARM.Collect$$_printf_percent$$00000000  c_w.l(_printf_percent.o)
    0x08000160   0x08000160   0x00000006   Code   RO         3639    .ARM.Collect$$_printf_percent$$00000003  c_w.l(_printf_f.o)
    0x08000166   0x08000166   0x00000006   Code   RO         3638    .ARM.Collect$$_printf_percent$$00000009  c_w.l(_printf_d.o)
    0x0800016c   0x0800016c   0x00000004   Code   RO         3782    .ARM.Collect$$_printf_percent$$00000017  c_w.l(_printf_percent_end.o)
    0x08000170   0x08000170   0x00000002   Code   RO         3930    .ARM.Collect$$libinit$$00000000  c_w.l(libinit.o)
    0x08000172   0x08000172   0x00000000   Code   RO         3932    .ARM.Collect$$libinit$$00000002  c_w.l(libinit2.o)
    0x08000172   0x08000172   0x00000000   Code   RO         3934    .ARM.Collect$$libinit$$00000004  c_w.l(libinit2.o)
    0x08000172   0x08000172   0x00000000   Code   RO         3937    .ARM.Collect$$libinit$$0000000A  c_w.l(libinit2.o)
    0x08000172   0x08000172   0x00000000   Code   RO         3939    .ARM.Collect$$libinit$$0000000C  c_w.l(libinit2.o)
    0x08000172   0x08000172   0x00000000   Code   RO         3941    .ARM.Collect$$libinit$$0000000E  c_w.l(libinit2.o)
    0x08000172   0x08000172   0x00000006   Code   RO         3942    .ARM.Collect$$libinit$$0000000F  c_w.l(libinit2.o)
    0x08000178   0x08000178   0x00000000   Code   RO         3944    .ARM.Collect$$libinit$$00000011  c_w.l(libinit2.o)
    0x08000178   0x08000178   0x0000000c   Code   RO         3945    .ARM.Collect$$libinit$$00000012  c_w.l(libinit2.o)
    0x08000184   0x08000184   0x00000000   Code   RO         3946    .ARM.Collect$$libinit$$00000013  c_w.l(libinit2.o)
    0x08000184   0x08000184   0x00000000   Code   RO         3948    .ARM.Collect$$libinit$$00000015  c_w.l(libinit2.o)
    0x08000184   0x08000184   0x0000000a   Code   RO         3949    .ARM.Collect$$libinit$$00000016  c_w.l(libinit2.o)
    0x0800018e   0x0800018e   0x00000000   Code   RO         3950    .ARM.Collect$$libinit$$00000017  c_w.l(libinit2.o)
    0x0800018e   0x0800018e   0x00000000   Code   RO         3952    .ARM.Collect$$libinit$$00000019  c_w.l(libinit2.o)
    0x0800018e   0x0800018e   0x00000000   Code   RO         3954    .ARM.Collect$$libinit$$0000001B  c_w.l(libinit2.o)
    0x0800018e   0x0800018e   0x00000000   Code   RO         3956    .ARM.Collect$$libinit$$0000001D  c_w.l(libinit2.o)
    0x0800018e   0x0800018e   0x00000000   Code   RO         3958    .ARM.Collect$$libinit$$0000001F  c_w.l(libinit2.o)
    0x0800018e   0x0800018e   0x00000000   Code   RO         3960    .ARM.Collect$$libinit$$00000021  c_w.l(libinit2.o)
    0x0800018e   0x0800018e   0x00000000   Code   RO         3962    .ARM.Collect$$libinit$$00000023  c_w.l(libinit2.o)
    0x0800018e   0x0800018e   0x00000000   Code   RO         3964    .ARM.Collect$$libinit$$00000025  c_w.l(libinit2.o)
    0x0800018e   0x0800018e   0x00000000   Code   RO         3968    .ARM.Collect$$libinit$$0000002C  c_w.l(libinit2.o)
    0x0800018e   0x0800018e   0x00000000   Code   RO         3970    .ARM.Collect$$libinit$$0000002E  c_w.l(libinit2.o)
    0x0800018e   0x0800018e   0x00000000   Code   RO         3972    .ARM.Collect$$libinit$$00000030  c_w.l(libinit2.o)
    0x0800018e   0x0800018e   0x00000000   Code   RO         3974    .ARM.Collect$$libinit$$00000032  c_w.l(libinit2.o)
    0x0800018e   0x0800018e   0x00000002   Code   RO         3975    .ARM.Collect$$libinit$$00000033  c_w.l(libinit2.o)
    0x08000190   0x08000190   0x00000002   Code   RO         4011    .ARM.Collect$$libshutdown$$00000000  c_w.l(libshutdown.o)
    0x08000192   0x08000192   0x00000000   Code   RO         4022    .ARM.Collect$$libshutdown$$00000002  c_w.l(libshutdown2.o)
    0x08000192   0x08000192   0x00000000   Code   RO         4024    .ARM.Collect$$libshutdown$$00000004  c_w.l(libshutdown2.o)
    0x08000192   0x08000192   0x00000000   Code   RO         4027    .ARM.Collect$$libshutdown$$00000007  c_w.l(libshutdown2.o)
    0x08000192   0x08000192   0x00000000   Code   RO         4030    .ARM.Collect$$libshutdown$$0000000A  c_w.l(libshutdown2.o)
    0x08000192   0x08000192   0x00000000   Code   RO         4032    .ARM.Collect$$libshutdown$$0000000C  c_w.l(libshutdown2.o)
    0x08000192   0x08000192   0x00000000   Code   RO         4035    .ARM.Collect$$libshutdown$$0000000F  c_w.l(libshutdown2.o)
    0x08000192   0x08000192   0x00000002   Code   RO         4036    .ARM.Collect$$libshutdown$$00000010  c_w.l(libshutdown2.o)
    0x08000194   0x08000194   0x00000000   Code   RO         3717    .ARM.Collect$$rtentry$$00000000  c_w.l(__rtentry.o)
    0x08000194   0x08000194   0x00000000   Code   RO         3842    .ARM.Collect$$rtentry$$00000002  c_w.l(__rtentry2.o)
    0x08000194   0x08000194   0x00000006   Code   RO         3854    .ARM.Collect$$rtentry$$00000004  c_w.l(__rtentry4.o)
    0x0800019a   0x0800019a   0x00000000   Code   RO         3844    .ARM.Collect$$rtentry$$00000009  c_w.l(__rtentry2.o)
    0x0800019a   0x0800019a   0x00000004   Code   RO         3845    .ARM.Collect$$rtentry$$0000000A  c_w.l(__rtentry2.o)
    0x0800019e   0x0800019e   0x00000000   Code   RO         3847    .ARM.Collect$$rtentry$$0000000C  c_w.l(__rtentry2.o)
    0x0800019e   0x0800019e   0x00000008   Code   RO         3848    .ARM.Collect$$rtentry$$0000000D  c_w.l(__rtentry2.o)
    0x080001a6   0x080001a6   0x00000002   Code   RO         3978    .ARM.Collect$$rtexit$$00000000  c_w.l(rtexit.o)
    0x080001a8   0x080001a8   0x00000000   Code   RO         3987    .ARM.Collect$$rtexit$$00000002  c_w.l(rtexit2.o)
    0x080001a8   0x080001a8   0x00000004   Code   RO         3988    .ARM.Collect$$rtexit$$00000003  c_w.l(rtexit2.o)
    0x080001ac   0x080001ac   0x00000006   Code   RO         3989    .ARM.Collect$$rtexit$$00000004  c_w.l(rtexit2.o)
    0x080001b2   0x080001b2   0x00000002   PAD
    0x080001b4   0x080001b4   0x00000040   Code   RO            4    .text               startup_stm32f103xb.o
    0x080001f4   0x080001f4   0x0000002c   Code   RO         3608    .text               c_w.l(__2sprintf.o)
    0x08000220   0x08000220   0x0000004e   Code   RO         3614    .text               c_w.l(_printf_pad.o)
    0x0800026e   0x0800026e   0x00000002   PAD
    0x08000270   0x08000270   0x00000078   Code   RO         3616    .text               c_w.l(_printf_dec.o)
    0x080002e8   0x080002e8   0x00000188   Code   RO         3635    .text               c_w.l(__printf_flags_ss_wp.o)
    0x08000470   0x08000470   0x0000001a   Code   RO         3641    .text               c_w.l(atoi.o)
    0x0800048a   0x0800048a   0x00000024   Code   RO         3643    .text               c_w.l(strstr.o)
    0x080004ae   0x080004ae   0x00000048   Code   RO         3645    .text               c_w.l(strcpy.o)
    0x080004f6   0x080004f6   0x0000003e   Code   RO         3647    .text               c_w.l(strlen.o)
    0x08000534   0x08000534   0x0000004e   Code   RO         3651    .text               c_w.l(rt_memclr_w.o)
    0x08000582   0x08000582   0x00000002   PAD
    0x08000584   0x08000584   0x00000080   Code   RO         3653    .text               c_w.l(strcmpv7m.o)
    0x08000604   0x08000604   0x00000006   Code   RO         3655    .text               c_w.l(heapauxi.o)
    0x0800060a   0x0800060a   0x00000002   PAD
    0x0800060c   0x0800060c   0x00000008   Code   RO         3721    .text               c_w.l(rt_errno_addr_intlibspace.o)
    0x08000614   0x08000614   0x000000b2   Code   RO         3729    .text               c_w.l(_printf_intcommon.o)
    0x080006c6   0x080006c6   0x0000041e   Code   RO         3733    .text               c_w.l(_printf_fp_dec.o)
    0x08000ae4   0x08000ae4   0x00000030   Code   RO         3735    .text               c_w.l(_printf_char_common.o)
    0x08000b14   0x08000b14   0x0000000a   Code   RO         3737    .text               c_w.l(_sputc.o)
    0x08000b1e   0x08000b1e   0x00000070   Code   RO         3792    .text               c_w.l(strtol.o)
    0x08000b8e   0x08000b8e   0x00000002   PAD
    0x08000b90   0x08000b90   0x00000008   Code   RO         3838    .text               c_w.l(libspace.o)
    0x08000b98   0x08000b98   0x00000010   Code   RO         3856    .text               c_w.l(rt_ctype_table.o)
    0x08000ba8   0x08000ba8   0x00000008   Code   RO         3861    .text               c_w.l(rt_locale_intlibspace.o)
    0x08000bb0   0x08000bb0   0x0000008a   Code   RO         3863    .text               c_w.l(lludiv10.o)
    0x08000c3a   0x08000c3a   0x00000002   PAD
    0x08000c3c   0x08000c3c   0x00000080   Code   RO         3868    .text               c_w.l(_printf_fp_infnan.o)
    0x08000cbc   0x08000cbc   0x0000009e   Code   RO         3876    .text               c_w.l(_strtoul.o)
    0x08000d5a   0x08000d5a   0x00000002   PAD
    0x08000d5c   0x08000d5c   0x000000e4   Code   RO         3878    .text               c_w.l(bigflt0.o)
    0x08000e40   0x08000e40   0x0000004a   Code   RO         3916    .text               c_w.l(sys_stackheap_outer.o)
    0x08000e8a   0x08000e8a   0x0000001c   Code   RO         3918    .text               c_w.l(_chval.o)
    0x08000ea6   0x08000ea6   0x00000012   Code   RO         3923    .text               c_w.l(exit.o)
    0x08000eb8   0x08000eb8   0x0000000c   Code   RO         4001    .text               c_w.l(sys_exit.o)
    0x08000ec4   0x08000ec4   0x00000002   Code   RO         4012    .text               c_w.l(use_no_semi.o)
    0x08000ec6   0x08000ec6   0x00000000   Code   RO         4014    .text               c_w.l(indicate_semi.o)
    0x08000ec6   0x08000ec6   0x0000003e   Code   RO         3881    CL$$btod_d2e        c_w.l(btod.o)
    0x08000f04   0x08000f04   0x00000046   Code   RO         3883    CL$$btod_d2e_denorm_low  c_w.l(btod.o)
    0x08000f4a   0x08000f4a   0x00000060   Code   RO         3882    CL$$btod_d2e_norm_op1  c_w.l(btod.o)
    0x08000faa   0x08000faa   0x00000338   Code   RO         3891    CL$$btod_div_common  c_w.l(btod.o)
    0x080012e2   0x080012e2   0x000000dc   Code   RO         3888    CL$$btod_e2e        c_w.l(btod.o)
    0x080013be   0x080013be   0x0000002a   Code   RO         3885    CL$$btod_ediv       c_w.l(btod.o)
    0x080013e8   0x080013e8   0x0000002a   Code   RO         3884    CL$$btod_emul       c_w.l(btod.o)
    0x08001412   0x08001412   0x00000244   Code   RO         3890    CL$$btod_mult_common  c_w.l(btod.o)
    0x08001656   0x08001656   0x00000002   Code   RO          340    i.BusFault_Handler  stm32f1xx_it.o
    0x08001658   0x08001658   0x00000128   Code   RO           13    i.Ctrl              main.o
    0x08001780   0x08001780   0x00000060   Code   RO          869    i.DHT11_Check       dht11.o
    0x080017e0   0x080017e0   0x00000074   Code   RO          871    i.DHT11_Read_Byte   dht11.o
    0x08001854   0x08001854   0x0000004c   Code   RO          872    i.DHT11_Read_Data   dht11.o
    0x080018a0   0x080018a0   0x0000002c   Code   RO          873    i.DHT11_Start       dht11.o
    0x080018cc   0x080018cc   0x00000040   Code   RO          921    i.DS1302_Init       ds1302.o
    0x0800190c   0x0800190c   0x00000078   Code   RO          923    i.DS1302_ReadByte   ds1302.o
    0x08001984   0x08001984   0x000000a4   Code   RO          926    i.DS1302_ReadTime   ds1302.o
    0x08001a28   0x08001a28   0x00000044   Code   RO          928    i.DS1302_SendCmd    ds1302.o
    0x08001a6c   0x08001a6c   0x00000070   Code   RO          930    i.DS1302_WriteByte  ds1302.o
    0x08001adc   0x08001adc   0x00000002   Code   RO          341    i.DebugMon_Handler  stm32f1xx_it.o
    0x08001ade   0x08001ade   0x00000016   Code   RO          458    i.Delay_ms          delay.o
    0x08001af4   0x08001af4   0x00000020   Code   RO          460    i.Delay_us          delay.o
    0x08001b14   0x08001b14   0x00000114   Code   RO          497    i.ESP8266_GetIPD    esp8266.o
    0x08001c28   0x08001c28   0x00000024   Code   RO          501    i.ESP8266_WaitRecive  esp8266.o
    0x08001c4c   0x08001c4c   0x00000004   Code   RO           15    i.Error_Handler     main.o
    0x08001c50   0x08001c50   0x00000046   Code   RO         2608    i.HAL_DMA_Abort     stm32f1xx_hal_dma.o
    0x08001c96   0x08001c96   0x00000002   PAD
    0x08001c98   0x08001c98   0x00000098   Code   RO         2609    i.HAL_DMA_Abort_IT  stm32f1xx_hal_dma.o
    0x08001d30   0x08001d30   0x000001e0   Code   RO         2544    i.HAL_GPIO_Init     stm32f1xx_hal_gpio.o
    0x08001f10   0x08001f10   0x0000000a   Code   RO         2546    i.HAL_GPIO_ReadPin  stm32f1xx_hal_gpio.o
    0x08001f1a   0x08001f1a   0x0000000a   Code   RO         2548    i.HAL_GPIO_WritePin  stm32f1xx_hal_gpio.o
    0x08001f24   0x08001f24   0x0000000c   Code   RO         2238    i.HAL_GetTick       stm32f1xx_hal.o
    0x08001f30   0x08001f30   0x00000010   Code   RO         2244    i.HAL_IncTick       stm32f1xx_hal.o
    0x08001f40   0x08001f40   0x00000024   Code   RO         2245    i.HAL_Init          stm32f1xx_hal.o
    0x08001f64   0x08001f64   0x00000040   Code   RO         2246    i.HAL_InitTick      stm32f1xx_hal.o
    0x08001fa4   0x08001fa4   0x0000003c   Code   RO          434    i.HAL_MspInit       stm32f1xx_hal_msp.o
    0x08001fe0   0x08001fe0   0x0000001a   Code   RO         2704    i.HAL_NVIC_EnableIRQ  stm32f1xx_hal_cortex.o
    0x08001ffa   0x08001ffa   0x00000002   PAD
    0x08001ffc   0x08001ffc   0x00000040   Code   RO         2710    i.HAL_NVIC_SetPriority  stm32f1xx_hal_cortex.o
    0x0800203c   0x0800203c   0x00000024   Code   RO         2711    i.HAL_NVIC_SetPriorityGrouping  stm32f1xx_hal_cortex.o
    0x08002060   0x08002060   0x0000012c   Code   RO         2402    i.HAL_RCC_ClockConfig  stm32f1xx_hal_rcc.o
    0x0800218c   0x0800218c   0x00000020   Code   RO         2409    i.HAL_RCC_GetPCLK1Freq  stm32f1xx_hal_rcc.o
    0x080021ac   0x080021ac   0x00000020   Code   RO         2410    i.HAL_RCC_GetPCLK2Freq  stm32f1xx_hal_rcc.o
    0x080021cc   0x080021cc   0x0000004c   Code   RO         2411    i.HAL_RCC_GetSysClockFreq  stm32f1xx_hal_rcc.o
    0x08002218   0x08002218   0x00000320   Code   RO         2414    i.HAL_RCC_OscConfig  stm32f1xx_hal_rcc.o
    0x08002538   0x08002538   0x00000028   Code   RO         2715    i.HAL_SYSTICK_Config  stm32f1xx_hal_cortex.o
    0x08002560   0x08002560   0x00000002   Code   RO         1960    i.HAL_TIMEx_BreakCallback  stm32f1xx_hal_tim_ex.o
    0x08002562   0x08002562   0x00000002   Code   RO         1961    i.HAL_TIMEx_CommutCallback  stm32f1xx_hal_tim_ex.o
    0x08002564   0x08002564   0x00000068   Code   RO         1979    i.HAL_TIMEx_MasterConfigSynchronization  stm32f1xx_hal_tim_ex.o
    0x080025cc   0x080025cc   0x0000005a   Code   RO         1256    i.HAL_TIM_Base_Init  stm32f1xx_hal_tim.o
    0x08002626   0x08002626   0x00000002   PAD
    0x08002628   0x08002628   0x0000003c   Code   RO          238    i.HAL_TIM_Base_MspInit  tim.o
    0x08002664   0x08002664   0x00000058   Code   RO         1261    i.HAL_TIM_Base_Start_IT  stm32f1xx_hal_tim.o
    0x080026bc   0x080026bc   0x000000dc   Code   RO         1265    i.HAL_TIM_ConfigClockSource  stm32f1xx_hal_tim.o
    0x08002798   0x08002798   0x00000002   Code   RO         1290    i.HAL_TIM_IC_CaptureCallback  stm32f1xx_hal_tim.o
    0x0800279a   0x0800279a   0x00000130   Code   RO         1304    i.HAL_TIM_IRQHandler  stm32f1xx_hal_tim.o
    0x080028ca   0x080028ca   0x00000002   Code   RO         1307    i.HAL_TIM_OC_DelayElapsedCallback  stm32f1xx_hal_tim.o
    0x080028cc   0x080028cc   0x00000002   Code   RO         1334    i.HAL_TIM_PWM_PulseFinishedCallback  stm32f1xx_hal_tim.o
    0x080028ce   0x080028ce   0x00000002   PAD
    0x080028d0   0x080028d0   0x00000094   Code   RO          239    i.HAL_TIM_PeriodElapsedCallback  tim.o
    0x08002964   0x08002964   0x00000002   Code   RO         1347    i.HAL_TIM_TriggerCallback  stm32f1xx_hal_tim.o
    0x08002966   0x08002966   0x00000002   Code   RO         3216    i.HAL_UARTEx_RxEventCallback  stm32f1xx_hal_uart.o
    0x08002968   0x08002968   0x00000002   Code   RO         3230    i.HAL_UART_ErrorCallback  stm32f1xx_hal_uart.o
    0x0800296a   0x0800296a   0x00000002   PAD
    0x0800296c   0x0800296c   0x0000026c   Code   RO         3233    i.HAL_UART_IRQHandler  stm32f1xx_hal_uart.o
    0x08002bd8   0x08002bd8   0x00000064   Code   RO         3234    i.HAL_UART_Init     stm32f1xx_hal_uart.o
    0x08002c3c   0x08002c3c   0x00000128   Code   RO          287    i.HAL_UART_MspInit  usart.o
    0x08002d64   0x08002d64   0x0000001c   Code   RO         3239    i.HAL_UART_Receive_IT  stm32f1xx_hal_uart.o
    0x08002d80   0x08002d80   0x00000070   Code   RO          839    i.HAL_UART_RxCpltCallback  uart.o
    0x08002df0   0x08002df0   0x000000a0   Code   RO         3242    i.HAL_UART_Transmit  stm32f1xx_hal_uart.o
    0x08002e90   0x08002e90   0x00000002   Code   RO         3245    i.HAL_UART_TxCpltCallback  stm32f1xx_hal_uart.o
    0x08002e92   0x08002e92   0x00000002   Code   RO          342    i.HardFault_Handler  stm32f1xx_it.o
    0x08002e94   0x08002e94   0x0000002e   Code   RO         1057    i.JQ8900_Play_Recording  jq8900.o
    0x08002ec2   0x08002ec2   0x00000002   PAD
    0x08002ec4   0x08002ec4   0x00000068   Code   RO         1059    i.JQ8x00_Command_Data  jq8900.o
    0x08002f2c   0x08002f2c   0x0000007c   Code   RO         1060    i.JQ8x00_RandomPathPlay  jq8900.o
    0x08002fa8   0x08002fa8   0x0000000c   Code   RO         1126    i.Key_Init          key.o
    0x08002fb4   0x08002fb4   0x000001a4   Code   RO         1127    i.Key_Scanf         key.o
    0x08003158   0x08003158   0x000000b8   Code   RO          213    i.MX_GPIO_Init      gpio.o
    0x08003210   0x08003210   0x00000068   Code   RO          240    i.MX_TIM1_Init      tim.o
    0x08003278   0x08003278   0x00000038   Code   RO          288    i.MX_USART1_UART_Init  usart.o
    0x080032b0   0x080032b0   0x00000038   Code   RO          289    i.MX_USART2_UART_Init  usart.o
    0x080032e8   0x080032e8   0x00000038   Code   RO          290    i.MX_USART3_UART_Init  usart.o
    0x08003320   0x08003320   0x00000002   Code   RO          343    i.MemManage_Handler  stm32f1xx_it.o
    0x08003322   0x08003322   0x00000002   Code   RO          344    i.NMI_Handler       stm32f1xx_it.o
    0x08003324   0x08003324   0x00000028   Code   RO          580    i.OLED_Clear        oled.o
    0x0800334c   0x0800334c   0x0000005c   Code   RO          581    i.OLED_ClearArea    oled.o
    0x080033a8   0x080033a8   0x00000026   Code   RO          589    i.OLED_GPIO_Init    oled.o
    0x080033ce   0x080033ce   0x0000003a   Code   RO          591    i.OLED_I2C_SendByte  oled.o
    0x08003408   0x08003408   0x0000001e   Code   RO          592    i.OLED_I2C_Start    oled.o
    0x08003426   0x08003426   0x00000018   Code   RO          593    i.OLED_I2C_Stop     oled.o
    0x0800343e   0x0800343e   0x0000009c   Code   RO          594    i.OLED_Init         oled.o
    0x080034da   0x080034da   0x0000000e   Code   RO          596    i.OLED_Pow          oled.o
    0x080034e8   0x080034e8   0x00000022   Code   RO          600    i.OLED_SetCursor    oled.o
    0x0800350a   0x0800350a   0x00000002   PAD
    0x0800350c   0x0800350c   0x0000003c   Code   RO          602    i.OLED_ShowChar     oled.o
    0x08003548   0x08003548   0x0000008c   Code   RO          603    i.OLED_ShowChinese  oled.o
    0x080035d4   0x080035d4   0x000000bc   Code   RO          606    i.OLED_ShowImage    oled.o
    0x08003690   0x08003690   0x00000046   Code   RO          607    i.OLED_ShowNum      oled.o
    0x080036d6   0x080036d6   0x0000002c   Code   RO          609    i.OLED_ShowString   oled.o
    0x08003702   0x08003702   0x00000002   PAD
    0x08003704   0x08003704   0x00000028   Code   RO          610    i.OLED_Update       oled.o
    0x0800372c   0x0800372c   0x00000010   Code   RO          612    i.OLED_W_SCL        oled.o
    0x0800373c   0x0800373c   0x00000010   Code   RO          613    i.OLED_W_SDA        oled.o
    0x0800374c   0x0800374c   0x00000022   Code   RO          614    i.OLED_WriteCommand  oled.o
    0x0800376e   0x0800376e   0x00000030   Code   RO          615    i.OLED_WriteData    oled.o
    0x0800379e   0x0800379e   0x00000002   PAD
    0x080037a0   0x080037a0   0x000000b4   Code   RO         1165    i.POWER_Get_Data    power.o
    0x08003854   0x08003854   0x00000014   Code   RO         1166    i.POWER_Init        power.o
    0x08003868   0x08003868   0x00000014   Code   RO         1167    i.POWER_Send_String  power.o
    0x0800387c   0x0800387c   0x00000028   Code   RO         1168    i.POWER_WaitRecive  power.o
    0x080038a4   0x080038a4   0x00000230   Code   RO           16    i.Page              main.o
    0x08003ad4   0x08003ad4   0x00000002   Code   RO          345    i.PendSV_Handler    stm32f1xx_it.o
    0x08003ad6   0x08003ad6   0x00000002   PAD
    0x08003ad8   0x08003ad8   0x00000010   Code   RO           17    i.Power_Set         main.o
    0x08003ae8   0x08003ae8   0x00000040   Code   RO          502    i.Received_Data_Processing  esp8266.o
    0x08003b28   0x08003b28   0x00000002   Code   RO          346    i.SVC_Handler       stm32f1xx_it.o
    0x08003b2a   0x08003b2a   0x00000004   Code   RO          347    i.SysTick_Handler   stm32f1xx_it.o
    0x08003b2e   0x08003b2e   0x0000005e   Code   RO           18    i.SystemClock_Config  main.o
    0x08003b8c   0x08003b8c   0x00000002   Code   RO         3568    i.SystemInit        system_stm32f1xx.o
    0x08003b8e   0x08003b8e   0x00000002   PAD
    0x08003b90   0x08003b90   0x0000000c   Code   RO          348    i.TIM1_UP_IRQHandler  stm32f1xx_it.o
    0x08003b9c   0x08003b9c   0x00000078   Code   RO         1349    i.TIM_Base_SetConfig  stm32f1xx_hal_tim.o
    0x08003c14   0x08003c14   0x00000014   Code   RO         1360    i.TIM_ETR_SetConfig  stm32f1xx_hal_tim.o
    0x08003c28   0x08003c28   0x00000010   Code   RO         1361    i.TIM_ITRx_SetConfig  stm32f1xx_hal_tim.o
    0x08003c38   0x08003c38   0x00000022   Code   RO         1367    i.TIM_TI1_ConfigInputStage  stm32f1xx_hal_tim.o
    0x08003c5a   0x08003c5a   0x00000024   Code   RO         1369    i.TIM_TI2_ConfigInputStage  stm32f1xx_hal_tim.o
    0x08003c7e   0x08003c7e   0x00000002   PAD
    0x08003c80   0x08003c80   0x00000010   Code   RO         1061    i.UART3_SendData    jq8900.o
    0x08003c90   0x08003c90   0x00000010   Code   RO         3247    i.UART_DMAAbortOnError  stm32f1xx_hal_uart.o
    0x08003ca0   0x08003ca0   0x0000004e   Code   RO         3257    i.UART_EndRxTransfer  stm32f1xx_hal_uart.o
    0x08003cee   0x08003cee   0x000000c2   Code   RO         3259    i.UART_Receive_IT   stm32f1xx_hal_uart.o
    0x08003db0   0x08003db0   0x000000b8   Code   RO         3260    i.UART_SetConfig    stm32f1xx_hal_uart.o
    0x08003e68   0x08003e68   0x00000036   Code   RO         3262    i.UART_Start_Receive_IT  stm32f1xx_hal_uart.o
    0x08003e9e   0x08003e9e   0x00000072   Code   RO         3263    i.UART_WaitOnFlagUntilTimeout  stm32f1xx_hal_uart.o
    0x08003f10   0x08003f10   0x0000000c   Code   RO          349    i.USART1_IRQHandler  stm32f1xx_it.o
    0x08003f1c   0x08003f1c   0x0000000c   Code   RO          350    i.USART2_IRQHandler  stm32f1xx_it.o
    0x08003f28   0x08003f28   0x00000002   Code   RO          351    i.UsageFault_Handler  stm32f1xx_it.o
    0x08003f2a   0x08003f2a   0x00000028   Code   RO         3912    i.__ARM_fpclassify  m_ws.l(fpclassify.o)
    0x08003f52   0x08003f52   0x00000020   Code   RO         2717    i.__NVIC_SetPriority  stm32f1xx_hal_cortex.o
    0x08003f72   0x08003f72   0x0000000e   Code   RO         3628    i._is_digit         c_w.l(__printf_wp.o)
    0x08003f80   0x08003f80   0x0000006c   Code   RO           19    i.main              main.o
    0x08003fec   0x08003fec   0x00000020   Code   RO          936    i.readSDA           ds1302.o
    0x0800400c   0x0800400c   0x0000001c   Code   RO          937    i.writeSDA          ds1302.o
    0x08004028   0x08004028   0x0000002c   Code   RO         3906    locale$$code        c_w.l(lc_numeric_c.o)
    0x08004054   0x08004054   0x0000002c   Code   RO         3921    locale$$code        c_w.l(lc_ctype_c.o)
    0x08004080   0x08004080   0x00000062   Code   RO         3659    x$fpl$d2f           fz_ws.l(d2f.o)
    0x080040e2   0x080040e2   0x00000026   Code   RO         3679    x$fpl$dfltu         fz_ws.l(dflt_clz.o)
    0x08004108   0x08004108   0x00000154   Code   RO         3687    x$fpl$dmul          fz_ws.l(dmul.o)
    0x0800425c   0x0800425c   0x0000009c   Code   RO         3796    x$fpl$dnaninf       fz_ws.l(dnaninf.o)
    0x080042f8   0x080042f8   0x0000000c   Code   RO         3798    x$fpl$dretinf       fz_ws.l(dretinf.o)
    0x08004304   0x08004304   0x00000056   Code   RO         3691    x$fpl$f2d           fz_ws.l(f2d.o)
    0x0800435a   0x0800435a   0x0000008c   Code   RO         3802    x$fpl$fnaninf       fz_ws.l(fnaninf.o)
    0x080043e6   0x080043e6   0x0000000a   Code   RO         3804    x$fpl$fretinf       fz_ws.l(fretinf.o)
    0x080043f0   0x080043f0   0x00000004   Code   RO         3705    x$fpl$printf1       fz_ws.l(printf1.o)
    0x080043f4   0x080043f4   0x00000000   Code   RO         3812    x$fpl$usenofp       fz_ws.l(usenofp.o)
    0x080043f4   0x080043f4   0x000005f0   Data   RO          821    .constdata          oled_data.o
    0x080049e4   0x080049e4   0x0000023a   Data   RO          822    .constdata          oled_data.o
    0x08004c1e   0x08004c1e   0x0000038e   Data   RO          823    .constdata          oled_data.o
    0x08004fac   0x08004fac   0x0000000a   Data   RO         1063    .constdata          jq8900.o
    0x08004fb6   0x08004fb6   0x00000002   PAD
    0x08004fb8   0x08004fb8   0x00000009   Data   RO         1169    .constdata          power.o
    0x08004fc1   0x08004fc1   0x00000012   Data   RO         2415    .constdata          stm32f1xx_hal_rcc.o
    0x08004fd3   0x08004fd3   0x00000010   Data   RO         3569    .constdata          system_stm32f1xx.o
    0x08004fe3   0x08004fe3   0x00000008   Data   RO         3570    .constdata          system_stm32f1xx.o
    0x08004feb   0x08004feb   0x00000011   Data   RO         3636    .constdata          c_w.l(__printf_flags_ss_wp.o)
    0x08004ffc   0x08004ffc   0x00000094   Data   RO         3879    .constdata          c_w.l(bigflt0.o)
    0x08005090   0x08005090   0x00000020   Data   RO         4061    Region$$Table       anon$$obj.o
    0x080050b0   0x080050b0   0x0000001c   Data   RO         3905    locale$$data        c_w.l(lc_numeric_c.o)
    0x080050cc   0x080050cc   0x00000110   Data   RO         3920    locale$$data        c_w.l(lc_ctype_c.o)


    Execution Region RW_IRAM1 (Exec base: 0x20000000, Load base: 0x080051dc, Size: 0x00000de8, Max: 0x00005000, ABSOLUTE)

    Exec Addr    Load Addr    Size         Type   Attr      Idx    E Section Name        Object

    0x20000000   0x080051dc   0x00000029   Data   RW           21    .data               main.o
    0x20000029   0x08005205   0x00000001   PAD
    0x2000002a   0x08005206   0x00000002   Data   RW          504    .data               esp8266.o
    0x2000002c   0x08005208   0x00000006   Data   RW          841    .data               uart.o
    0x20000032   0x0800520e   0x00000002   Data   RW         1129    .data               key.o
    0x20000034   0x08005210   0x00000001   Data   RW         1170    .data               power.o
    0x20000035   0x08005211   0x00000003   PAD
    0x20000038   0x08005214   0x0000000c   Data   RW         2252    .data               stm32f1xx_hal.o
    0x20000044   0x08005220   0x00000004   Data   RW         3571    .data               system_stm32f1xx.o
    0x20000048        -       0x00000064   Zero   RW           20    .bss                main.o
    0x200000ac        -       0x00000048   Zero   RW          241    .bss                tim.o
    0x200000f4        -       0x000000d8   Zero   RW          291    .bss                usart.o
    0x200001cc        -       0x00000400   Zero   RW          617    .bss                oled.o
    0x200005cc        -       0x00000190   Zero   RW          840    .bss                uart.o
    0x2000075c        -       0x00000016   Zero   RW         1062    .bss                jq8900.o
    0x20000772        -       0x0000000f   Zero   RW         1128    .bss                key.o
    0x20000781   0x08005224   0x00000003   PAD
    0x20000784        -       0x00000060   Zero   RW         3839    .bss                c_w.l(libspace.o)
    0x200007e4   0x08005224   0x00000004   PAD
    0x200007e8        -       0x00000200   Zero   RW            2    HEAP                startup_stm32f103xb.o
    0x200009e8        -       0x00000400   Zero   RW            1    STACK               startup_stm32f103xb.o


==============================================================================

Image component sizes


      Code (inc. data)   RO Data    RW Data    ZI Data      Debug   Object Name

        54          0          0          0          0       1356   delay.o
       332         12          0          0          0       2874   dht11.o
       588         26          0          0          0       4604   ds1302.o
       376        110          0          2          0       3122   esp8266.o
       184         14          0          0          0       1063   gpio.o
       290         12         10          0         22       4499   jq8900.o
       432         36          0          2         15       2813   key.o
      1078        158          0         41        100     433619   main.o
      1142         48          0          0       1024      12676   oled.o
         0          0       3000          0          0       1238   oled_data.o
       260         44          9          1          0       3333   power.o
        64         26        236          0       1536        840   startup_stm32f103xb.o
       128         24          0         12          0       5669   stm32f1xx_hal.o
       198         14          0          0          0      29259   stm32f1xx_hal_cortex.o
       222          4          0          0          0       1927   stm32f1xx_hal_dma.o
       500         34          0          0          0       3727   stm32f1xx_hal_gpio.o
        60          8          0          0          0        982   stm32f1xx_hal_msp.o
      1240         84         18          0          0       5428   stm32f1xx_hal_rcc.o
       936         24          0          0          0      10589   stm32f1xx_hal_tim.o
       108         12          0          0          0       2613   stm32f1xx_hal_tim_ex.o
      1554         10          0          0          0      11704   stm32f1xx_hal_uart.o
        56         18          0          0          0       5811   stm32f1xx_it.o
         2          0         24          4          0       1275   system_stm32f1xx.o
       312         34          0          0         72       2620   tim.o
       112         26          0          6        400       1549   uart.o
       464         50          0          0        216       3352   usart.o

    ----------------------------------------------------------------------
     10716        828       3331         72       3388     558542   Object Totals
         0          0         32          0          0          0   (incl. Generated)
        24          0          2          4          3          0   (incl. Padding)

    ----------------------------------------------------------------------

      Code (inc. data)   RO Data    RW Data    ZI Data      Debug   Library Member Name

        44          6          0          0          0         84   __2sprintf.o
         8          0          0          0          0         68   __main.o
       392          4         17          0          0         92   __printf_flags_ss_wp.o
        14          0          0          0          0         68   __printf_wp.o
         0          0          0          0          0          0   __rtentry.o
        12          0          0          0          0          0   __rtentry2.o
         6          0          0          0          0          0   __rtentry4.o
        52          8          0          0          0          0   __scatter.o
        26          0          0          0          0          0   __scatter_copy.o
        28          0          0          0          0          0   __scatter_zi.o
        28          0          0          0          0         68   _chval.o
        48          6          0          0          0         96   _printf_char_common.o
         6          0          0          0          0          0   _printf_d.o
       120         16          0          0          0         92   _printf_dec.o
         6          0          0          0          0          0   _printf_f.o
      1054          0          0          0          0        216   _printf_fp_dec.o
       128         16          0          0          0         84   _printf_fp_infnan.o
       178          0          0          0          0         88   _printf_intcommon.o
        78          0          0          0          0        108   _printf_pad.o
         0          0          0          0          0          0   _printf_percent.o
         4          0          0          0          0          0   _printf_percent_end.o
        10          0          0          0          0         68   _sputc.o
       158          0          0          0          0         92   _strtoul.o
        26          0          0          0          0         80   atoi.o
       228          4        148          0          0         96   bigflt0.o
      1936        128          0          0          0        672   btod.o
        18          0          0          0          0         80   exit.o
         6          0          0          0          0        152   heapauxi.o
         0          0          0          0          0          0   indicate_semi.o
        44         10        272          0          0         76   lc_ctype_c.o
        44         10         28          0          0         76   lc_numeric_c.o
         2          0          0          0          0          0   libinit.o
        30          0          0          0          0          0   libinit2.o
         2          0          0          0          0          0   libshutdown.o
         2          0          0          0          0          0   libshutdown2.o
         8          4          0          0         96         68   libspace.o
       138          0          0          0          0         80   lludiv10.o
        16          4          0          0          0         76   rt_ctype_table.o
         8          4          0          0          0         68   rt_errno_addr_intlibspace.o
         8          4          0          0          0         68   rt_locale_intlibspace.o
        78          0          0          0          0         80   rt_memclr_w.o
         2          0          0          0          0          0   rtexit.o
        10          0          0          0          0          0   rtexit2.o
       128          0          0          0          0         68   strcmpv7m.o
        72          0          0          0          0         80   strcpy.o
        62          0          0          0          0         76   strlen.o
        36          0          0          0          0         80   strstr.o
       112          0          0          0          0         88   strtol.o
        12          4          0          0          0         68   sys_exit.o
        74          0          0          0          0         80   sys_stackheap_outer.o
         2          0          0          0          0         68   use_no_semi.o
        98          4          0          0          0         92   d2f.o
        38          0          0          0          0         68   dflt_clz.o
       340         12          0          0          0        104   dmul.o
       156          4          0          0          0         92   dnaninf.o
        12          0          0          0          0         68   dretinf.o
        86          4          0          0          0         84   f2d.o
       140          4          0          0          0         84   fnaninf.o
        10          0          0          0          0         68   fretinf.o
         4          0          0          0          0         68   printf1.o
         0          0          0          0          0          0   usenofp.o
        40          0          0          0          0         68   fpclassify.o

    ----------------------------------------------------------------------
      6444        256        465          0        100       4300   Library Totals
        16          0          0          0          4          0   (incl. Padding)

    ----------------------------------------------------------------------

      Code (inc. data)   RO Data    RW Data    ZI Data      Debug   Library Name

      5504        228        465          0         96       3504   c_w.l
       884         28          0          0          0        728   fz_ws.l
        40          0          0          0          0         68   m_ws.l

    ----------------------------------------------------------------------
      6444        256        465          0        100       4300   Library Totals

    ----------------------------------------------------------------------

==============================================================================


      Code (inc. data)   RO Data    RW Data    ZI Data      Debug   

     17160       1084       3796         72       3488     554258   Grand Totals
     17160       1084       3796         72       3488     554258   ELF Image Totals
     17160       1084       3796         72          0          0   ROM Totals

==============================================================================

    Total RO  Size (Code + RO Data)                20956 (  20.46kB)
    Total RW  Size (RW Data + ZI Data)              3560 (   3.48kB)
    Total ROM Size (Code + RO Data + RW Data)      21028 (  20.54kB)

==============================================================================

